Archive member included to satisfy reference by file (symbol)

C:/ST/STM32CubeIDE_1.19.0/STM32CubeIDE/plugins/com.st.stm32cube.ide.mcu.externaltools.gnu-tools-for-stm32.13.3.rel1.win32_1.0.0.202411081344/tools/bin/../lib/gcc/arm-none-eabi/13.3.1/../../../../arm-none-eabi/lib/thumb/v7e-m+fp/hard\libc_nano.a(libc_a-exit.o)
                              C:/ST/STM32CubeIDE_1.19.0/STM32CubeIDE/plugins/com.st.stm32cube.ide.mcu.externaltools.gnu-tools-for-stm32.13.3.rel1.win32_1.0.0.202411081344/tools/bin/../lib/gcc/arm-none-eabi/13.3.1/../../../../arm-none-eabi/lib/thumb/v7e-m+fp/hard/crt0.o (exit)
C:/ST/STM32CubeIDE_1.19.0/STM32CubeIDE/plugins/com.st.stm32cube.ide.mcu.externaltools.gnu-tools-for-stm32.13.3.rel1.win32_1.0.0.202411081344/tools/bin/../lib/gcc/arm-none-eabi/13.3.1/../../../../arm-none-eabi/lib/thumb/v7e-m+fp/hard\libc_nano.a(libc_a-findfp.o)
                              C:/ST/STM32CubeIDE_1.19.0/STM32CubeIDE/plugins/com.st.stm32cube.ide.mcu.externaltools.gnu-tools-for-stm32.13.3.rel1.win32_1.0.0.202411081344/tools/bin/../lib/gcc/arm-none-eabi/13.3.1/../../../../arm-none-eabi/lib/thumb/v7e-m+fp/hard\libc_nano.a(libc_a-exit.o) (__stdio_exit_handler)
C:/ST/STM32CubeIDE_1.19.0/STM32CubeIDE/plugins/com.st.stm32cube.ide.mcu.externaltools.gnu-tools-for-stm32.13.3.rel1.win32_1.0.0.202411081344/tools/bin/../lib/gcc/arm-none-eabi/13.3.1/../../../../arm-none-eabi/lib/thumb/v7e-m+fp/hard\libc_nano.a(libc_a-fwalk.o)
                              C:/ST/STM32CubeIDE_1.19.0/STM32CubeIDE/plugins/com.st.stm32cube.ide.mcu.externaltools.gnu-tools-for-stm32.13.3.rel1.win32_1.0.0.202411081344/tools/bin/../lib/gcc/arm-none-eabi/13.3.1/../../../../arm-none-eabi/lib/thumb/v7e-m+fp/hard\libc_nano.a(libc_a-findfp.o) (_fwalk_sglue)
C:/ST/STM32CubeIDE_1.19.0/STM32CubeIDE/plugins/com.st.stm32cube.ide.mcu.externaltools.gnu-tools-for-stm32.13.3.rel1.win32_1.0.0.202411081344/tools/bin/../lib/gcc/arm-none-eabi/13.3.1/../../../../arm-none-eabi/lib/thumb/v7e-m+fp/hard\libc_nano.a(libc_a-printf.o)
                              ./Src/main.o (printf)
C:/ST/STM32CubeIDE_1.19.0/STM32CubeIDE/plugins/com.st.stm32cube.ide.mcu.externaltools.gnu-tools-for-stm32.13.3.rel1.win32_1.0.0.202411081344/tools/bin/../lib/gcc/arm-none-eabi/13.3.1/../../../../arm-none-eabi/lib/thumb/v7e-m+fp/hard\libc_nano.a(libc_a-stdio.o)
                              C:/ST/STM32CubeIDE_1.19.0/STM32CubeIDE/plugins/com.st.stm32cube.ide.mcu.externaltools.gnu-tools-for-stm32.13.3.rel1.win32_1.0.0.202411081344/tools/bin/../lib/gcc/arm-none-eabi/13.3.1/../../../../arm-none-eabi/lib/thumb/v7e-m+fp/hard\libc_nano.a(libc_a-findfp.o) (__sread)
C:/ST/STM32CubeIDE_1.19.0/STM32CubeIDE/plugins/com.st.stm32cube.ide.mcu.externaltools.gnu-tools-for-stm32.13.3.rel1.win32_1.0.0.202411081344/tools/bin/../lib/gcc/arm-none-eabi/13.3.1/../../../../arm-none-eabi/lib/thumb/v7e-m+fp/hard\libc_nano.a(libc_a-memset.o)
                              C:/ST/STM32CubeIDE_1.19.0/STM32CubeIDE/plugins/com.st.stm32cube.ide.mcu.externaltools.gnu-tools-for-stm32.13.3.rel1.win32_1.0.0.202411081344/tools/bin/../lib/gcc/arm-none-eabi/13.3.1/../../../../arm-none-eabi/lib/thumb/v7e-m+fp/hard/crt0.o (memset)
C:/ST/STM32CubeIDE_1.19.0/STM32CubeIDE/plugins/com.st.stm32cube.ide.mcu.externaltools.gnu-tools-for-stm32.13.3.rel1.win32_1.0.0.202411081344/tools/bin/../lib/gcc/arm-none-eabi/13.3.1/../../../../arm-none-eabi/lib/thumb/v7e-m+fp/hard\libc_nano.a(libc_a-closer.o)
                              C:/ST/STM32CubeIDE_1.19.0/STM32CubeIDE/plugins/com.st.stm32cube.ide.mcu.externaltools.gnu-tools-for-stm32.13.3.rel1.win32_1.0.0.202411081344/tools/bin/../lib/gcc/arm-none-eabi/13.3.1/../../../../arm-none-eabi/lib/thumb/v7e-m+fp/hard\libc_nano.a(libc_a-stdio.o) (_close_r)
C:/ST/STM32CubeIDE_1.19.0/STM32CubeIDE/plugins/com.st.stm32cube.ide.mcu.externaltools.gnu-tools-for-stm32.13.3.rel1.win32_1.0.0.202411081344/tools/bin/../lib/gcc/arm-none-eabi/13.3.1/../../../../arm-none-eabi/lib/thumb/v7e-m+fp/hard\libc_nano.a(libc_a-reent.o)
                              C:/ST/STM32CubeIDE_1.19.0/STM32CubeIDE/plugins/com.st.stm32cube.ide.mcu.externaltools.gnu-tools-for-stm32.13.3.rel1.win32_1.0.0.202411081344/tools/bin/../lib/gcc/arm-none-eabi/13.3.1/../../../../arm-none-eabi/lib/thumb/v7e-m+fp/hard\libc_nano.a(libc_a-closer.o) (errno)
C:/ST/STM32CubeIDE_1.19.0/STM32CubeIDE/plugins/com.st.stm32cube.ide.mcu.externaltools.gnu-tools-for-stm32.13.3.rel1.win32_1.0.0.202411081344/tools/bin/../lib/gcc/arm-none-eabi/13.3.1/../../../../arm-none-eabi/lib/thumb/v7e-m+fp/hard\libc_nano.a(libc_a-impure.o)
                              C:/ST/STM32CubeIDE_1.19.0/STM32CubeIDE/plugins/com.st.stm32cube.ide.mcu.externaltools.gnu-tools-for-stm32.13.3.rel1.win32_1.0.0.202411081344/tools/bin/../lib/gcc/arm-none-eabi/13.3.1/../../../../arm-none-eabi/lib/thumb/v7e-m+fp/hard\libc_nano.a(libc_a-printf.o) (_impure_ptr)
[...]
Memory Configuration

Name             Origin             Length             Attributes
CCMRAM           0x10000000         0x00010000         xrw
RAM              0x20000000         0x00020000         xrw
FLASH            0x08000000         0x00100000         xr
*default*        0x00000000         0xffffffff

Linker script and memory map

LOAD C:/ST/STM32CubeIDE_1.19.0/STM32CubeIDE/plugins/com.st.stm32cube.ide.mcu.externaltools.gnu-tools-for-stm32.13.3.rel1.win32_1.0.0.202411081344/tools/bin/../lib/gcc/arm-none-eabi/13.3.1/thumb/v7e-m+fp/hard/crti.o
LOAD C:/ST/STM32CubeIDE_1.19.0/STM32CubeIDE/plugins/com.st.stm32cube.ide.mcu.externaltools.gnu-tools-for-stm32.13.3.rel1.win32_1.0.0.202411081344/tools/bin/../lib/gcc/arm-none-eabi/13.3.1/thumb/v7e-m+fp/hard/crtbegin.o
LOAD C:/ST/STM32CubeIDE_1.19.0/STM32CubeIDE/plugins/com.st.stm32cube.ide.mcu.externaltools.gnu-tools-for-stm32.13.3.rel1.win32_1.0.0.202411081344/tools/bin/../lib/gcc/arm-none-eabi/13.3.1/../../../../arm-none-eabi/lib/thumb/v7e-m+fp/hard/crt0.o
LOAD ./Src/OLED_ssd1306.o
LOAD ./Src/RTC_ds3231.o
LOAD ./Src/main.o
LOAD ./Src/syscalls.o
LOAD ./Src/system_coreclock.o
LOAD ./Startup/startup_stm32f407vgtx.o
LOAD ./ThirdParty/FreeRTOS/croutine.o
LOAD ./ThirdParty/FreeRTOS/event_groups.o
LOAD ./ThirdParty/FreeRTOS/list.o
LOAD ./ThirdParty/FreeRTOS/queue.o
LOAD ./ThirdParty/FreeRTOS/stream_buffer.o
LOAD ./ThirdParty/FreeRTOS/tasks.o
LOAD ./ThirdParty/FreeRTOS/timers.o
LOAD ./ThirdParty/FreeRTOS/portable/GCC/ARM_CM4F/port.o
LOAD ./ThirdParty/FreeRTOS/portable/MemMang/heap_4.o
LOAD ./driver/rtc+oled_driver.o
START GROUP
LOAD C:/ST/STM32CubeIDE_1.19.0/STM32CubeIDE/plugins/com.st.stm32cube.ide.mcu.externaltools.gnu-tools-for-stm32.13.3.rel1.win32_1.0.0.202411081344/tools/bin/../lib/gcc/arm-none-eabi/13.3.1/../../../../arm-none-eabi/lib/thumb/v7e-m+fp/hard\libc_nano.a
LOAD C:/ST/STM32CubeIDE_1.19.0/STM32CubeIDE/plugins/com.st.stm32cube.ide.mcu.externaltools.gnu-tools-for-stm32.13.3.rel1.win32_1.0.0.202411081344/tools/bin/../lib/gcc/arm-none-eabi/13.3.1/../../../../arm-none-eabi/lib/thumb/v7e-m+fp/hard\libm.a
END GROUP
START GROUP
LOAD C:/ST/STM32CubeIDE_1.19.0/STM32CubeIDE/plugins/com.st.stm32cube.ide.mcu.externaltools.gnu-tools-for-stm32.13.3.rel1.win32_1.0.0.202411081344/tools/bin/../lib/gcc/arm-none-eabi/13.3.1/thumb/v7e-m+fp/hard\libgcc.a
LOAD C:/ST/STM32CubeIDE_1.19.0/STM32CubeIDE/plugins/com.st.stm32cube.ide.mcu.externaltools.gnu-tools-for-stm32.13.3.rel1.win32_1.0.0.202411081344/tools/bin/../lib/gcc/arm-none-eabi/13.3.1/../../../../arm-none-eabi/lib/thumb/v7e-m+fp/hard\libc_nano.a
END GROUP
START GROUP
LOAD C:/ST/STM32CubeIDE_1.19.0/STM32CubeIDE/plugins/com.st.stm32cube.ide.mcu.externaltools.gnu-tools-for-stm32.13.3.rel1.win32_1.0.0.202411081344/tools/bin/../lib/gcc/arm-none-eabi/13.3.1/thumb/v7e-m+fp/hard\libgcc.a
LOAD C:/ST/STM32CubeIDE_1.19.0/STM32CubeIDE/plugins/com.st.stm32cube.ide.mcu.externaltools.gnu-tools-for-stm32.13.3.rel1.win32_1.0.0.202411081344/tools/bin/../lib/gcc/arm-none-eabi/13.3.1/../../../../arm-none-eabi/lib/thumb/v7e-m+fp/hard\libc_nano.a
LOAD C:/ST/STM32CubeIDE_1.19.0/STM32CubeIDE/plugins/com.st.stm32cube.ide.mcu.externaltools.gnu-tools-for-stm32.13.3.rel1.win32_1.0.0.202411081344/tools/bin/../lib/gcc/arm-none-eabi/13.3.1/../../../../arm-none-eabi/lib/thumb/v7e-m+fp/hard\libnosys.a
END GROUP
START GROUP
LOAD C:/ST/STM32CubeIDE_1.19.0/STM32CubeIDE/plugins/com.st.stm32cube.ide.mcu.externaltools.gnu-tools-for-stm32.13.3.rel1.win32_1.0.0.202411081344/tools/bin/../lib/gcc/arm-none-eabi/13.3.1/thumb/v7e-m+fp/hard\libgcc.a
LOAD C:/ST/STM32CubeIDE_1.19.0/STM32CubeIDE/plugins/com.st.stm32cube.ide.mcu.externaltools.gnu-tools-for-stm32.13.3.rel1.win32_1.0.0.202411081344/tools/bin/../lib/gcc/arm-none-eabi/13.3.1/../../../../arm-none-eabi/lib/thumb/v7e-m+fp/hard\libc_nano.a
LOAD C:/ST/STM32CubeIDE_1.19.0/STM32CubeIDE/plugins/com.st.stm32cube.ide.mcu.externaltools.gnu-tools-for-stm32.13.3.rel1.win32_1.0.0.202411081344/tools/bin/../lib/gcc/arm-none-eabi/13.3.1/../../../../arm-none-eabi/lib/thumb/v7e-m+fp/hard\libnosys.a
END GROUP
LOAD C:/ST/STM32CubeIDE_1.19.0/STM32CubeIDE/plugins/com.st.stm32cube.ide.mcu.externaltools.gnu-tools-for-stm32.13.3.rel1.win32_1.0.0.202411081344/tools/bin/../lib/gcc/arm-none-eabi/13.3.1/thumb/v7e-m+fp/hard/crtend.o
LOAD C:/ST/STM32CubeIDE_1.19.0/STM32CubeIDE/plugins/com.st.stm32cube.ide.mcu.externaltools.gnu-tools-for-stm32.13.3.rel1.win32_1.0.0.202411081344/tools/bin/../lib/gcc/arm-none-eabi/13.3.1/thumb/v7e-m+fp/hard/crtn.o
                0x20020000                        _estack = (ORIGIN (RAM) + LENGTH (RAM))
                0x00000200                        _Min_Heap_Size = 0x200
                0x00000400                        _Min_Stack_Size = 0x400

.isr_vector     0x08000000      0x188
                0x08000000                        . = ALIGN (0x4)
 *(.isr_vector)
 .isr_vector    0x08000000      0x188 ./Startup/startup_stm32f407vgtx.o
                0x08000000                g_pfnVectors
                0x08000188                        . = ALIGN (0x4)

.text           0x08000190     0x4b98
                0x08000190                        . = ALIGN (0x4)
 *(.text)
 .text          0x08000190       0x40 C:/ST/STM32CubeIDE_1.19.0/STM32CubeIDE/plugins/com.st.stm32cube.ide.mcu.externaltools.gnu-tools-for-stm32.13.3.rel1.win32_1.0.0.202411081344/tools/bin/../lib/gcc/arm-none-eabi/13.3.1/thumb/v7e-m+fp/hard/crtbegin.o
 .text          0x080001d0       0xa0 C:/ST/STM32CubeIDE_1.19.0/STM32CubeIDE/plugins/com.st.stm32cube.ide.mcu.externaltools.gnu-tools-for-stm32.13.3.rel1.win32_1.0.0.202411081344/tools/bin/../lib/gcc/arm-none-eabi/13.3.1/../../../../arm-none-eabi/lib/thumb/v7e-m+fp/hard\libc_nano.a(libc_a-memchr.o)
                0x080001d0                memchr
 *(.text*)
 .text.i2c_write_checked
                0x08000270       0x62 ./Src/OLED_ssd1306.o
 *fill*         0x080002d2        0x2 
 .text.ssd1306_send_command
                0x080002d4       0x30 ./Src/OLED_ssd1306.o
 .text.ssd1306_init
                0x08000304       0xc4 ./Src/OLED_ssd1306.o
                0x08000304                ssd1306_init
 .text.ssd1306_clear
                0x080003c8       0x18 ./Src/OLED_ssd1306.o
                0x080003c8                ssd1306_clear
 .text.ssd1306_set_pixel
                0x080003e0       0x64 ./Src/OLED_ssd1306.o
 .text.ssd1306_update
                0x08000444      0x108 ./Src/OLED_ssd1306.o
                0x08000444                ssd1306_update
 .text.draw_char_scaled
                0x0800054c      0x140 ./Src/OLED_ssd1306.o
 .text.draw_string_scaled
                0x0800068c       0x52 ./Src/OLED_ssd1306.o
 *fill*         0x080006de        0x2 
 .text.get_day_string
                0x080006e0       0x80 ./Src/OLED_ssd1306.o
 .text.draw_time_with_day_on_oled
                0x08000760       0xe8 ./Src/OLED_ssd1306.o
                0x08000760                draw_time_with_day_on_oled
 .text.bcd_to_bin
                0x08000848       0x32 ./Src/RTC_ds3231.o
 *fill*         0x0800087a        0x2 
 .text.rtc_read_time
                0x0800087c      0x124 ./Src/RTC_ds3231.o
                0x0800087c                rtc_read_time
 .text.ITM_SendChar
                0x080009a0       0x50 ./Src/main.o
 .text.delay_simple
                0x080009f0       0x24 ./Src/main.o
 .text.main     0x08000a14       0xf0 ./Src/main.o
                0x08000a14                main
 .text.ITM_print_time_with_day
                0x08000b04      0x1dc ./Src/main.o
                0x08000b04                ITM_print_time_with_day
 .text.RTC_Task
                0x08000ce0      0x16c ./Src/main.o
                0x08000ce0                RTC_Task
 .text.OLED_Task
                0x08000e4c      0x160 ./Src/main.o
                0x08000e4c                OLED_Task
 .text._read    0x08000fac       0x3a ./Src/syscalls.o
                0x08000fac                _read
 .text._write   0x08000fe6       0x38 ./Src/syscalls.o
                0x08000fe6                _write
 .text._close   0x0800101e       0x18 ./Src/syscalls.o
                0x0800101e                _close
 .text._fstat   0x08001036       0x20 ./Src/syscalls.o
                0x08001036                _fstat
 .text._isatty  0x08001056       0x16 ./Src/syscalls.o
                0x08001056                _isatty
 .text._lseek   0x0800106c       0x1a ./Src/syscalls.o
                0x0800106c                _lseek
 *fill*         0x08001086        0x2 
 .text.Reset_Handler
                0x08001088       0x50 ./Startup/startup_stm32f407vgtx.o
                0x08001088                Reset_Handler
 .text.Default_Handler
                0x080010d8        0x2 ./Startup/startup_stm32f407vgtx.o
                0x080010d8                RTC_Alarm_IRQHandler
                0x080010d8                HASH_RNG_IRQHandler
                0x080010d8                EXTI2_IRQHandler
                0x080010d8                TIM8_CC_IRQHandler
                0x080010d8                DebugMon_Handler
                0x080010d8                TIM1_CC_IRQHandler
                0x080010d8                DMA2_Stream5_IRQHandler
                0x080010d8                HardFault_Handler
                0x080010d8                DMA1_Stream5_IRQHandler
                0x080010d8                PVD_IRQHandler
                0x080010d8                SDIO_IRQHandler
                0x080010d8                TAMP_STAMP_IRQHandler
                0x080010d8                NMI_Handler
                0x080010d8                CAN2_RX1_IRQHandler
                0x080010d8                EXTI3_IRQHandler
                0x080010d8                TIM8_TRG_COM_TIM14_IRQHandler
                0x080010d8                TIM1_UP_TIM10_IRQHandler
                0x080010d8                TIM8_UP_TIM13_IRQHandler
                0x080010d8                I2C3_ER_IRQHandler
                0x080010d8                EXTI0_IRQHandler
                0x080010d8                I2C2_EV_IRQHandler
                0x080010d8                DMA1_Stream2_IRQHandler
                0x080010d8                CAN1_RX0_IRQHandler
                0x080010d8                FPU_IRQHandler
                0x080010d8                OTG_HS_WKUP_IRQHandler
                0x080010d8                UsageFault_Handler
                0x080010d8                CAN2_SCE_IRQHandler
                0x080010d8                DMA2_Stream2_IRQHandler
                0x080010d8                SPI1_IRQHandler
                0x080010d8                TIM6_DAC_IRQHandler
                0x080010d8                TIM1_BRK_TIM9_IRQHandler
                0x080010d8                DCMI_IRQHandler
                0x080010d8                CAN2_RX0_IRQHandler
                0x080010d8                DMA2_Stream3_IRQHandler
                0x080010d8                USART6_IRQHandler
                0x080010d8                USART3_IRQHandler
                0x080010d8                CRYP_IRQHandler
                0x080010d8                CAN1_RX1_IRQHandler
                0x080010d8                UART5_IRQHandler
                0x080010d8                DMA2_Stream0_IRQHandler
                0x080010d8                TIM4_IRQHandler
                0x080010d8                I2C1_EV_IRQHandler
                0x080010d8                DMA1_Stream6_IRQHandler
                0x080010d8                DMA1_Stream1_IRQHandler
                0x080010d8                UART4_IRQHandler
                0x080010d8                TIM3_IRQHandler
                0x080010d8                RCC_IRQHandler
                0x080010d8                TIM8_BRK_TIM12_IRQHandler
                0x080010d8                Default_Handler
                0x080010d8                EXTI15_10_IRQHandler
                0x080010d8                ADC_IRQHandler
                0x080010d8                DMA1_Stream7_IRQHandler
                0x080010d8                TIM7_IRQHandler
                0x080010d8                CAN2_TX_IRQHandler
                0x080010d8                TIM5_IRQHandler
                0x080010d8                DMA2_Stream7_IRQHandler
                0x080010d8                I2C3_EV_IRQHandler
                0x080010d8                EXTI9_5_IRQHandler
                0x080010d8                RTC_WKUP_IRQHandler
                0x080010d8                ETH_WKUP_IRQHandler
                0x080010d8                SPI2_IRQHandler
                0x080010d8                OTG_HS_EP1_IN_IRQHandler
                0x080010d8                MemManage_Handler
                0x080010d8                DMA1_Stream0_IRQHandler
                0x080010d8                CAN1_TX_IRQHandler
                0x080010d8                EXTI4_IRQHandler
                0x080010d8                FSMC_IRQHandler
                0x080010d8                ETH_IRQHandler
                0x080010d8                OTG_HS_EP1_OUT_IRQHandler
                0x080010d8                WWDG_IRQHandler
                0x080010d8                TIM2_IRQHandler
                0x080010d8                OTG_FS_WKUP_IRQHandler
                0x080010d8                TIM1_TRG_COM_TIM11_IRQHandler
                0x080010d8                OTG_HS_IRQHandler
                0x080010d8                EXTI1_IRQHandler
                0x080010d8                USART2_IRQHandler
                0x080010d8                I2C2_ER_IRQHandler
                0x080010d8                DMA2_Stream1_IRQHandler
                0x080010d8                CAN1_SCE_IRQHandler
                0x080010d8                DMA2_Stream4_IRQHandler
                0x080010d8                BusFault_Handler
                0x080010d8                USART1_IRQHandler
                0x080010d8                OTG_FS_IRQHandler
                0x080010d8                SPI3_IRQHandler
                0x080010d8                DMA1_Stream4_IRQHandler
                0x080010d8                I2C1_ER_IRQHandler
                0x080010d8                DMA2_Stream6_IRQHandler
                0x080010d8                DMA1_Stream3_IRQHandler
 .text.vListInitialise
                0x080010da       0x40 ./ThirdParty/FreeRTOS/list.o
                0x080010da                vListInitialise
 .text.vListInitialiseItem
                0x0800111a       0x1a ./ThirdParty/FreeRTOS/list.o
                0x0800111a                vListInitialiseItem
 .text.vListInsertEnd
                0x08001134       0x48 ./ThirdParty/FreeRTOS/list.o
                0x08001134                vListInsertEnd
 .text.vListInsert
                0x0800117c       0x72 ./ThirdParty/FreeRTOS/list.o
                0x0800117c                vListInsert
 .text.uxListRemove
                0x080011ee       0x54 ./ThirdParty/FreeRTOS/list.o
                0x080011ee                uxListRemove
 *fill*         0x08001242        0x2 
 .text.xQueueGenericReset
                0x08001244       0xd4 ./ThirdParty/FreeRTOS/queue.o
                0x08001244                xQueueGenericReset
 .text.xQueueGenericCreate
                0x08001318       0xc4 ./ThirdParty/FreeRTOS/queue.o
                0x08001318                xQueueGenericCreate
 .text.prvInitialiseNewQueue
                0x080013dc       0x46 ./ThirdParty/FreeRTOS/queue.o
 .text.prvInitialiseMutex
                0x08001422       0x34 ./ThirdParty/FreeRTOS/queue.o
 .text.xQueueCreateMutex
                0x08001456       0x30 ./ThirdParty/FreeRTOS/queue.o
                0x08001456                xQueueCreateMutex
 *fill*         0x08001486        0x2 
 .text.xQueueGenericSend
                0x08001488      0x1d4 ./ThirdParty/FreeRTOS/queue.o
                0x08001488                xQueueGenericSend
 .text.xQueueSemaphoreTake
                0x0800165c      0x1ec ./ThirdParty/FreeRTOS/queue.o
                0x0800165c                xQueueSemaphoreTake
 .text.prvGetDisinheritPriorityAfterTimeout
                0x08001848       0x30 ./ThirdParty/FreeRTOS/queue.o
 .text.prvCopyDataToQueue
                0x08001878       0xd4 ./ThirdParty/FreeRTOS/queue.o
 .text.prvUnlockQueue
                0x0800194c       0xa4 ./ThirdParty/FreeRTOS/queue.o
 .text.prvIsQueueEmpty
                0x080019f0       0x2c ./ThirdParty/FreeRTOS/queue.o
 .text.prvIsQueueFull
                0x08001a1c       0x30 ./ThirdParty/FreeRTOS/queue.o
 .text.xTaskCreate
                0x08001a4c       0x82 ./ThirdParty/FreeRTOS/tasks.o
                0x08001a4c                xTaskCreate
 .text.prvInitialiseNewTask
                0x08001ace      0x12e ./ThirdParty/FreeRTOS/tasks.o
 .text.prvAddNewTaskToReadyList
                0x08001bfc       0xdc ./ThirdParty/FreeRTOS/tasks.o
 .text.xTaskDelayUntil
                0x08001cd8      0x104 ./ThirdParty/FreeRTOS/tasks.o
                0x08001cd8                xTaskDelayUntil
 .text.vTaskDelay
                0x08001ddc       0x6c ./ThirdParty/FreeRTOS/tasks.o
                0x08001ddc                vTaskDelay
 .text.vTaskStartScheduler
                0x08001e48       0x98 ./ThirdParty/FreeRTOS/tasks.o
                0x08001e48                vTaskStartScheduler
 .text.vTaskSuspendAll
                0x08001ee0       0x1c ./ThirdParty/FreeRTOS/tasks.o
                0x08001ee0                vTaskSuspendAll
 .text.xTaskResumeAll
                0x08001efc      0x13c ./ThirdParty/FreeRTOS/tasks.o
                0x08001efc                xTaskResumeAll
 .text.xTaskGetTickCount
                0x08002038       0x20 ./ThirdParty/FreeRTOS/tasks.o
                0x08002038                xTaskGetTickCount
 .text.xTaskIncrementTick
                0x08002058      0x174 ./ThirdParty/FreeRTOS/tasks.o
                0x08002058                xTaskIncrementTick
 .text.vTaskSwitchContext
                0x080021cc       0xb8 ./ThirdParty/FreeRTOS/tasks.o
                0x080021cc                vTaskSwitchContext
 .text.vTaskPlaceOnEventList
                0x08002284       0x4c ./ThirdParty/FreeRTOS/tasks.o
                0x08002284                vTaskPlaceOnEventList
 .text.xTaskRemoveFromEventList
                0x080022d0       0xc8 ./ThirdParty/FreeRTOS/tasks.o
                0x080022d0                xTaskRemoveFromEventList
 .text.vTaskInternalSetTimeOutState
                0x08002398       0x2c ./ThirdParty/FreeRTOS/tasks.o
                0x08002398                vTaskInternalSetTimeOutState
 .text.xTaskCheckForTimeOut
                0x080023c4       0xd0 ./ThirdParty/FreeRTOS/tasks.o
                0x080023c4                xTaskCheckForTimeOut
 .text.vTaskMissedYield
                0x08002494       0x18 ./ThirdParty/FreeRTOS/tasks.o
                0x08002494                vTaskMissedYield
 .text.prvIdleTask
                0x080024ac       0x30 ./ThirdParty/FreeRTOS/tasks.o
 .text.prvInitialiseTaskLists
                0x080024dc       0x80 ./ThirdParty/FreeRTOS/tasks.o
 .text.prvCheckTasksWaitingTermination
                0x0800255c       0x5c ./ThirdParty/FreeRTOS/tasks.o
 .text.prvDeleteTCB
                0x080025b8       0x20 ./ThirdParty/FreeRTOS/tasks.o
 .text.prvResetNextTaskUnblockTime
                0x080025d8       0x38 ./ThirdParty/FreeRTOS/tasks.o
 .text.xTaskPriorityInherit
                0x08002610       0xec ./ThirdParty/FreeRTOS/tasks.o
                0x08002610                xTaskPriorityInherit
 .text.xTaskPriorityDisinherit
                0x080026fc       0xf8 ./ThirdParty/FreeRTOS/tasks.o
                0x080026fc                xTaskPriorityDisinherit
 .text.vTaskPriorityDisinheritAfterTimeout
                0x080027f4      0x120 ./ThirdParty/FreeRTOS/tasks.o
                0x080027f4                vTaskPriorityDisinheritAfterTimeout
 .text.pvTaskIncrementMutexHeldCount
                0x08002914       0x28 ./ThirdParty/FreeRTOS/tasks.o
                0x08002914                pvTaskIncrementMutexHeldCount
 .text.ulTaskGenericNotifyTake
                0x0800293c       0xd0 ./ThirdParty/FreeRTOS/tasks.o
                0x0800293c                ulTaskGenericNotifyTake
 .text.xTaskGenericNotify
                0x08002a0c      0x1c8 ./ThirdParty/FreeRTOS/tasks.o
                0x08002a0c                xTaskGenericNotify
 .text.prvAddCurrentTaskToDelayedList
                0x08002bd4       0xcc ./ThirdParty/FreeRTOS/tasks.o
 .text.pxPortInitialiseStack
                0x08002ca0       0x68 ./ThirdParty/FreeRTOS/portable/GCC/ARM_CM4F/port.o
                0x08002ca0                pxPortInitialiseStack
 .text.prvTaskExitError
                0x08002d08       0x5c ./ThirdParty/FreeRTOS/portable/GCC/ARM_CM4F/port.o
 *fill*         0x08002d64        0xc 
 .text.SVC_Handler
                0x08002d70       0x28 ./ThirdParty/FreeRTOS/portable/GCC/ARM_CM4F/port.o
                0x08002d70                SVC_Handler
 .text.prvPortStartFirstTask
                0x08002d98       0x2c ./ThirdParty/FreeRTOS/portable/GCC/ARM_CM4F/port.o
 .text.xPortStartScheduler
                0x08002dc4      0x148 ./ThirdParty/FreeRTOS/portable/GCC/ARM_CM4F/port.o
                0x08002dc4                xPortStartScheduler
 .text.vPortEnterCritical
                0x08002f0c       0x64 ./ThirdParty/FreeRTOS/portable/GCC/ARM_CM4F/port.o
                0x08002f0c                vPortEnterCritical
 .text.vPortExitCritical
                0x08002f70       0x54 ./ThirdParty/FreeRTOS/portable/GCC/ARM_CM4F/port.o
                0x08002f70                vPortExitCritical
 *fill*         0x08002fc4        0xc 
 .text.PendSV_Handler
                0x08002fd0       0x68 ./ThirdParty/FreeRTOS/portable/GCC/ARM_CM4F/port.o
                0x08002fd0                PendSV_Handler
 .text.SysTick_Handler
                0x08003038       0x4c ./ThirdParty/FreeRTOS/portable/GCC/ARM_CM4F/port.o
                0x08003038                SysTick_Handler
 .text.vPortSetupTimerInterrupt
                0x08003084       0x48 ./ThirdParty/FreeRTOS/portable/GCC/ARM_CM4F/port.o
                0x08003084                vPortSetupTimerInterrupt
 .text.vPortEnableVFP
                0x080030cc       0x18 ./ThirdParty/FreeRTOS/portable/GCC/ARM_CM4F/port.o
 .text.pvPortMalloc
                0x080030e4      0x1c4 ./ThirdParty/FreeRTOS/portable/MemMang/heap_4.o
                0x080030e4                pvPortMalloc
 .text.vPortFree
                0x080032a8       0xc8 ./ThirdParty/FreeRTOS/portable/MemMang/heap_4.o
                0x080032a8                vPortFree
 .text.prvHeapInit
                0x08003370       0xc4 ./ThirdParty/FreeRTOS/portable/MemMang/heap_4.o
 .text.prvInsertBlockIntoFreeList
                0x08003434       0xb4 ./ThirdParty/FreeRTOS/portable/MemMang/heap_4.o
 .text.gpio_enable_clock
                0x080034e8      0x104 ./driver/rtc+oled_driver.o
 .text.set_pin_mode
                0x080035ec       0x4c ./driver/rtc+oled_driver.o
 .text.set_pin_otype
                0x08003638       0x46 ./driver/rtc+oled_driver.o
 .text.set_pin_speed
                0x0800367e       0x4c ./driver/rtc+oled_driver.o
 .text.set_pin_pupd
                0x080036ca       0x4c ./driver/rtc+oled_driver.o
 .text.set_pin_af
                0x08003716       0x74 ./driver/rtc+oled_driver.o
 .text.GPIO_ConfigI2C_Pins
                0x0800378a       0xa8 ./driver/rtc+oled_driver.o
                0x0800378a                GPIO_ConfigI2C_Pins
 *fill*         0x08003832        0x2 
 .text.gpio_init_i2c1_pins
                0x08003834       0x38 ./driver/rtc+oled_driver.o
                0x08003834                gpio_init_i2c1_pins
 .text.timeout_count
                0x0800386c       0x14 ./driver/rtc+oled_driver.o
 .text.delay_us
                0x08003880       0x30 ./driver/rtc+oled_driver.o
 .text.i2c_init
                0x080038b0       0xc8 ./driver/rtc+oled_driver.o
                0x080038b0                i2c_init
 .text.i2c_write
                0x08003978      0x1de ./driver/rtc+oled_driver.o
                0x08003978                i2c_write
 .text.i2c_bus_recovery
                0x08003b56       0x56 ./driver/rtc+oled_driver.o
                0x08003b56                i2c_bus_recovery
 .text.i2c_read_regs
                0x08003bac      0x2dc ./driver/rtc+oled_driver.o
                0x08003bac                i2c_read_regs
 .text.std      0x08003e88       0x6c C:/ST/STM32CubeIDE_1.19.0/STM32CubeIDE/plugins/com.st.stm32cube.ide.mcu.externaltools.gnu-tools-for-stm32.13.3.rel1.win32_1.0.0.202411081344/tools/bin/../lib/gcc/arm-none-eabi/13.3.1/../../../../arm-none-eabi/lib/thumb/v7e-m+fp/hard\libc_nano.a(libc_a-findfp.o)
 .text.stdio_exit_handler
                0x08003ef4       0x18 C:/ST/STM32CubeIDE_1.19.0/STM32CubeIDE/plugins/com.st.stm32cube.ide.mcu.externaltools.gnu-tools-for-stm32.13.3.rel1.win32_1.0.0.202411081344/tools/bin/../lib/gcc/arm-none-eabi/13.3.1/../../../../arm-none-eabi/lib/thumb/v7e-m+fp/hard\libc_nano.a(libc_a-findfp.o)
 .text.cleanup_stdio
                0x08003f0c       0x40 C:/ST/STM32CubeIDE_1.19.0/STM32CubeIDE/plugins/com.st.stm32cube.ide.mcu.externaltools.gnu-tools-for-stm32.13.3.rel1.win32_1.0.0.202411081344/tools/bin/../lib/gcc/arm-none-eabi/13.3.1/../../../../arm-none-eabi/lib/thumb/v7e-m+fp/hard\libc_nano.a(libc_a-findfp.o)
 .text.global_stdio_init.part.0
                0x08003f4c       0x3c C:/ST/STM32CubeIDE_1.19.0/STM32CubeIDE/plugins/com.st.stm32cube.ide.mcu.externaltools.gnu-tools-for-stm32.13.3.rel1.win32_1.0.0.202411081344/tools/bin/../lib/gcc/arm-none-eabi/13.3.1/../../../../arm-none-eabi/lib/thumb/v7e-m+fp/hard\libc_nano.a(libc_a-findfp.o)
 .text.__sfp_lock_acquire
                0x08003f88        0xc C:/ST/STM32CubeIDE_1.19.0/STM32CubeIDE/plugins/com.st.stm32cube.ide.mcu.externaltools.gnu-tools-for-stm32.13.3.rel1.win32_1.0.0.202411081344/tools/bin/../lib/gcc/arm-none-eabi/13.3.1/../../../../arm-none-eabi/lib/thumb/v7e-m+fp/hard\libc_nano.a(libc_a-findfp.o)
                0x08003f88                __sfp_lock_acquire
 .text.__sfp_lock_release
                0x08003f94        0xc C:/ST/STM32CubeIDE_1.19.0/STM32CubeIDE/plugins/com.st.stm32cube.ide.mcu.externaltools.gnu-tools-for-stm32.13.3.rel1.win32_1.0.0.202411081344/tools/bin/../lib/gcc/arm-none-eabi/13.3.1/../../../../arm-none-eabi/lib/thumb/v7e-m+fp/hard\libc_nano.a(libc_a-findfp.o)
                0x08003f94                __sfp_lock_release
 .text.__sinit  0x08003fa0       0x30 C:/ST/STM32CubeIDE_1.19.0/STM32CubeIDE/plugins/com.st.stm32cube.ide.mcu.externaltools.gnu-tools-for-stm32.13.3.rel1.win32_1.0.0.202411081344/tools/bin/../lib/gcc/arm-none-eabi/13.3.1/../../../../arm-none-eabi/lib/thumb/v7e-m+fp/hard\libc_nano.a(libc_a-findfp.o)
                0x08003fa0                __sinit
 .text._fwalk_sglue
                0x08003fd0       0x3c C:/ST/STM32CubeIDE_1.19.0/STM32CubeIDE/plugins/com.st.stm32cube.ide.mcu.externaltools.gnu-tools-for-stm32.13.3.rel1.win32_1.0.0.202411081344/tools/bin/../lib/gcc/arm-none-eabi/13.3.1/../../../../arm-none-eabi/lib/thumb/v7e-m+fp/hard\libc_nano.a(libc_a-fwalk.o)
                0x08003fd0                _fwalk_sglue
 .text.printf   0x0800400c       0x24 C:/ST/STM32CubeIDE_1.19.0/STM32CubeIDE/plugins/com.st.stm32cube.ide.mcu.externaltools.gnu-tools-for-stm32.13.3.rel1.win32_1.0.0.202411081344/tools/bin/../lib/gcc/arm-none-eabi/13.3.1/../../../../arm-none-eabi/lib/thumb/v7e-m+fp/hard\libc_nano.a(libc_a-printf.o)
                0x0800400c                iprintf
                0x0800400c                printf
 .text.__sread  0x08004030       0x22 C:/ST/STM32CubeIDE_1.19.0/STM32CubeIDE/plugins/com.st.stm32cube.ide.mcu.externaltools.gnu-tools-for-stm32.13.3.rel1.win32_1.0.0.202411081344/tools/bin/../lib/gcc/arm-none-eabi/13.3.1/../../../../arm-none-eabi/lib/thumb/v7e-m+fp/hard\libc_nano.a(libc_a-stdio.o)
                0x08004030                __sread
 .text.__swrite
                0x08004052       0x38 C:/ST/STM32CubeIDE_1.19.0/STM32CubeIDE/plugins/com.st.stm32cube.ide.mcu.externaltools.gnu-tools-for-stm32.13.3.rel1.win32_1.0.0.202411081344/tools/bin/../lib/gcc/arm-none-eabi/13.3.1/../../../../arm-none-eabi/lib/thumb/v7e-m+fp/hard\libc_nano.a(libc_a-stdio.o)
                0x08004052                __swrite
 .text.__sseek  0x0800408a       0x24 C:/ST/STM32CubeIDE_1.19.0/STM32CubeIDE/plugins/com.st.stm32cube.ide.mcu.externaltools.gnu-tools-for-stm32.13.3.rel1.win32_1.0.0.202411081344/tools/bin/../lib/gcc/arm-none-eabi/13.3.1/../../../../arm-none-eabi/lib/thumb/v7e-m+fp/hard\libc_nano.a(libc_a-stdio.o)
                0x0800408a                __sseek
 .text.__sclose
                0x080040ae        0x8 C:/ST/STM32CubeIDE_1.19.0/STM32CubeIDE/plugins/com.st.stm32cube.ide.mcu.externaltools.gnu-tools-for-stm32.13.3.rel1.win32_1.0.0.202411081344/tools/bin/../lib/gcc/arm-none-eabi/13.3.1/../../../../arm-none-eabi/lib/thumb/v7e-m+fp/hard\libc_nano.a(libc_a-stdio.o)
                0x080040ae                __sclose
 .text.memset   0x080040b6       0x10 C:/ST/STM32CubeIDE_1.19.0/STM32CubeIDE/plugins/com.st.stm32cube.ide.mcu.externaltools.gnu-tools-for-stm32.13.3.rel1.win32_1.0.0.202411081344/tools/bin/../lib/gcc/arm-none-eabi/13.3.1/../../../../arm-none-eabi/lib/thumb/v7e-m+fp/hard\libc_nano.a(libc_a-memset.o)
                0x080040b6                memset
 *fill*         0x080040c6        0x2 
 .text._close_r
                0x080040c8       0x20 C:/ST/STM32CubeIDE_1.19.0/STM32CubeIDE/plugins/com.st.stm32cube.ide.mcu.externaltools.gnu-tools-for-stm32.13.3.rel1.win32_1.0.0.202411081344/tools/bin/../lib/gcc/arm-none-eabi/13.3.1/../../../../arm-none-eabi/lib/thumb/v7e-m+fp/hard\libc_nano.a(libc_a-closer.o)
                0x080040c8                _close_r
 .text._lseek_r
                0x080040e8       0x24 C:/ST/STM32CubeIDE_1.19.0/STM32CubeIDE/plugins/com.st.stm32cube.ide.mcu.externaltools.gnu-tools-for-stm32.13.3.rel1.win32_1.0.0.202411081344/tools/bin/../lib/gcc/arm-none-eabi/13.3.1/../../../../arm-none-eabi/lib/thumb/v7e-m+fp/hard\libc_nano.a(libc_a-lseekr.o)
                0x080040e8                _lseek_r
 .text._read_r  0x0800410c       0x24 C:/ST/STM32CubeIDE_1.19.0/STM32CubeIDE/plugins/com.st.stm32cube.ide.mcu.externaltools.gnu-tools-for-stm32.13.3.rel1.win32_1.0.0.202411081344/tools/bin/../lib/gcc/arm-none-eabi/13.3.1/../../../../arm-none-eabi/lib/thumb/v7e-m+fp/hard\libc_nano.a(libc_a-readr.o)
                0x0800410c                _read_r
 .text._write_r
                0x08004130       0x24 C:/ST/STM32CubeIDE_1.19.0/STM32CubeIDE/plugins/com.st.stm32cube.ide.mcu.externaltools.gnu-tools-for-stm32.13.3.rel1.win32_1.0.0.202411081344/tools/bin/../lib/gcc/arm-none-eabi/13.3.1/../../../../arm-none-eabi/lib/thumb/v7e-m+fp/hard\libc_nano.a(libc_a-writer.o)
                0x08004130                _write_r
 .text.__libc_init_array
                0x08004154       0x48 C:/ST/STM32CubeIDE_1.19.0/STM32CubeIDE/plugins/com.st.stm32cube.ide.mcu.externaltools.gnu-tools-for-stm32.13.3.rel1.win32_1.0.0.202411081344/tools/bin/../lib/gcc/arm-none-eabi/13.3.1/../../../../arm-none-eabi/lib/thumb/v7e-m+fp/hard\libc_nano.a(libc_a-init.o)
                0x08004154                __libc_init_array
 .text.__retarget_lock_init_recursive
                0x0800419c        0x2 C:/ST/STM32CubeIDE_1.19.0/STM32CubeIDE/plugins/com.st.stm32cube.ide.mcu.externaltools.gnu-tools-for-stm32.13.3.rel1.win32_1.0.0.202411081344/tools/bin/../lib/gcc/arm-none-eabi/13.3.1/../../../../arm-none-eabi/lib/thumb/v7e-m+fp/hard\libc_nano.a(libc_a-lock.o)
                0x0800419c                __retarget_lock_init_recursive
 .text.__retarget_lock_acquire_recursive
                0x0800419e        0x2 C:/ST/STM32CubeIDE_1.19.0/STM32CubeIDE/plugins/com.st.stm32cube.ide.mcu.externaltools.gnu-tools-for-stm32.13.3.rel1.win32_1.0.0.202411081344/tools/bin/../lib/gcc/arm-none-eabi/13.3.1/../../../../arm-none-eabi/lib/thumb/v7e-m+fp/hard\libc_nano.a(libc_a-lock.o)
                0x0800419e                __retarget_lock_acquire_recursive
 .text.__retarget_lock_release_recursive
                0x080041a0        0x2 C:/ST/STM32CubeIDE_1.19.0/STM32CubeIDE/plugins/com.st.stm32cube.ide.mcu.externaltools.gnu-tools-for-stm32.13.3.rel1.win32_1.0.0.202411081344/tools/bin/../lib/gcc/arm-none-eabi/13.3.1/../../../../arm-none-eabi/lib/thumb/v7e-m+fp/hard\libc_nano.a(libc_a-lock.o)
                0x080041a0                __retarget_lock_release_recursive
 .text.memcpy   0x080041a2       0x1c C:/ST/STM32CubeIDE_1.19.0/STM32CubeIDE/plugins/com.st.stm32cube.ide.mcu.externaltools.gnu-tools-for-stm32.13.3.rel1.win32_1.0.0.202411081344/tools/bin/../lib/gcc/arm-none-eabi/13.3.1/../../../../arm-none-eabi/lib/thumb/v7e-m+fp/hard\libc_nano.a(libc_a-memcpy-stub.o)
                0x080041a2                memcpy
 *fill*         0x080041be        0x2 
 .text._free_r  0x080041c0       0x94 C:/ST/STM32CubeIDE_1.19.0/STM32CubeIDE/plugins/com.st.stm32cube.ide.mcu.externaltools.gnu-tools-for-stm32.13.3.rel1.win32_1.0.0.202411081344/tools/bin/../lib/gcc/arm-none-eabi/13.3.1/../../../../arm-none-eabi/lib/thumb/v7e-m+fp/hard\libc_nano.a(libc_a-freer.o)
                0x080041c0                _free_r
 .text.sbrk_aligned
                0x08004254       0x44 C:/ST/STM32CubeIDE_1.19.0/STM32CubeIDE/plugins/com.st.stm32cube.ide.mcu.externaltools.gnu-tools-for-stm32.13.3.rel1.win32_1.0.0.202411081344/tools/bin/../lib/gcc/arm-none-eabi/13.3.1/../../../../arm-none-eabi/lib/thumb/v7e-m+fp/hard\libc_nano.a(libc_a-mallocr.o)
 .text._malloc_r
                0x08004298      0x100 C:/ST/STM32CubeIDE_1.19.0/STM32CubeIDE/plugins/com.st.stm32cube.ide.mcu.externaltools.gnu-tools-for-stm32.13.3.rel1.win32_1.0.0.202411081344/tools/bin/../lib/gcc/arm-none-eabi/13.3.1/../../../../arm-none-eabi/lib/thumb/v7e-m+fp/hard\libc_nano.a(libc_a-mallocr.o)
                0x08004298                _malloc_r
 .text.__malloc_lock
                0x08004398        0xc C:/ST/STM32CubeIDE_1.19.0/STM32CubeIDE/plugins/com.st.stm32cube.ide.mcu.externaltools.gnu-tools-for-stm32.13.3.rel1.win32_1.0.0.202411081344/tools/bin/../lib/gcc/arm-none-eabi/13.3.1/../../../../arm-none-eabi/lib/thumb/v7e-m+fp/hard\libc_nano.a(libc_a-mlock.o)
                0x08004398                __malloc_lock
 .text.__malloc_unlock
                0x080043a4        0xc C:/ST/STM32CubeIDE_1.19.0/STM32CubeIDE/plugins/com.st.stm32cube.ide.mcu.externaltools.gnu-tools-for-stm32.13.3.rel1.win32_1.0.0.202411081344/tools/bin/../lib/gcc/arm-none-eabi/13.3.1/../../../../arm-none-eabi/lib/thumb/v7e-m+fp/hard\libc_nano.a(libc_a-mlock.o)
                0x080043a4                __malloc_unlock
 .text.__sfputc_r
                0x080043b0       0x2e C:/ST/STM32CubeIDE_1.19.0/STM32CubeIDE/plugins/com.st.stm32cube.ide.mcu.externaltools.gnu-tools-for-stm32.13.3.rel1.win32_1.0.0.202411081344/tools/bin/../lib/gcc/arm-none-eabi/13.3.1/../../../../arm-none-eabi/lib/thumb/v7e-m+fp/hard\libc_nano.a(libc_a-nano-vfprintf.o)
 .text.__sfputs_r
                0x080043de       0x24 C:/ST/STM32CubeIDE_1.19.0/STM32CubeIDE/plugins/com.st.stm32cube.ide.mcu.externaltools.gnu-tools-for-stm32.13.3.rel1.win32_1.0.0.202411081344/tools/bin/../lib/gcc/arm-none-eabi/13.3.1/../../../../arm-none-eabi/lib/thumb/v7e-m+fp/hard\libc_nano.a(libc_a-nano-vfprintf.o)
                0x080043de                __sfputs_r
 *fill*         0x08004402        0x2 
 .text._vfprintf_r
                0x08004404      0x230 C:/ST/STM32CubeIDE_1.19.0/STM32CubeIDE/plugins/com.st.stm32cube.ide.mcu.externaltools.gnu-tools-for-stm32.13.3.rel1.win32_1.0.0.202411081344/tools/bin/../lib/gcc/arm-none-eabi/13.3.1/../../../../arm-none-eabi/lib/thumb/v7e-m+fp/hard\libc_nano.a(libc_a-nano-vfprintf.o)
                0x08004404                _vfprintf_r
                0x08004404                _vfiprintf_r
 .text._printf_common
                0x08004634       0xda C:/ST/STM32CubeIDE_1.19.0/STM32CubeIDE/plugins/com.st.stm32cube.ide.mcu.externaltools.gnu-tools-for-stm32.13.3.rel1.win32_1.0.0.202411081344/tools/bin/../lib/gcc/arm-none-eabi/13.3.1/../../../../arm-none-eabi/lib/thumb/v7e-m+fp/hard\libc_nano.a(libc_a-nano-vfprintf_i.o)
                0x08004634                _printf_common
 *fill*         0x0800470e        0x2 
 .text._printf_i
                0x08004710      0x23c C:/ST/STM32CubeIDE_1.19.0/STM32CubeIDE/plugins/com.st.stm32cube.ide.mcu.externaltools.gnu-tools-for-stm32.13.3.rel1.win32_1.0.0.202411081344/tools/bin/../lib/gcc/arm-none-eabi/13.3.1/../../../../arm-none-eabi/lib/thumb/v7e-m+fp/hard\libc_nano.a(libc_a-nano-vfprintf_i.o)
                0x08004710                _printf_i
 .text.__sflush_r
                0x0800494c      0x108 C:/ST/STM32CubeIDE_1.19.0/STM32CubeIDE/plugins/com.st.stm32cube.ide.mcu.externaltools.gnu-tools-for-stm32.13.3.rel1.win32_1.0.0.202411081344/tools/bin/../lib/gcc/arm-none-eabi/13.3.1/../../../../arm-none-eabi/lib/thumb/v7e-m+fp/hard\libc_nano.a(libc_a-fflush.o)
                0x0800494c                __sflush_r
 .text._fflush_r
                0x08004a54       0x50 C:/ST/STM32CubeIDE_1.19.0/STM32CubeIDE/plugins/com.st.stm32cube.ide.mcu.externaltools.gnu-tools-for-stm32.13.3.rel1.win32_1.0.0.202411081344/tools/bin/../lib/gcc/arm-none-eabi/13.3.1/../../../../arm-none-eabi/lib/thumb/v7e-m+fp/hard\libc_nano.a(libc_a-fflush.o)
                0x08004a54                _fflush_r
 .text.__swbuf_r
                0x08004aa4       0x7c C:/ST/STM32CubeIDE_1.19.0/STM32CubeIDE/plugins/com.st.stm32cube.ide.mcu.externaltools.gnu-tools-for-stm32.13.3.rel1.win32_1.0.0.202411081344/tools/bin/../lib/gcc/arm-none-eabi/13.3.1/../../../../arm-none-eabi/lib/thumb/v7e-m+fp/hard\libc_nano.a(libc_a-wbuf.o)
                0x08004aa4                __swbuf_r
 .text.__swsetup_r
                0x08004b20       0xac C:/ST/STM32CubeIDE_1.19.0/STM32CubeIDE/plugins/com.st.stm32cube.ide.mcu.externaltools.gnu-tools-for-stm32.13.3.rel1.win32_1.0.0.202411081344/tools/bin/../lib/gcc/arm-none-eabi/13.3.1/../../../../arm-none-eabi/lib/thumb/v7e-m+fp/hard\libc_nano.a(libc_a-wsetup.o)
                0x08004b20                __swsetup_r
 .text._sbrk_r  0x08004bcc       0x20 C:/ST/STM32CubeIDE_1.19.0/STM32CubeIDE/plugins/com.st.stm32cube.ide.mcu.externaltools.gnu-tools-for-stm32.13.3.rel1.win32_1.0.0.202411081344/tools/bin/../lib/gcc/arm-none-eabi/13.3.1/../../../../arm-none-eabi/lib/thumb/v7e-m+fp/hard\libc_nano.a(libc_a-sbrkr.o)
                0x08004bcc                _sbrk_r
 .text.__swhatbuf_r
                0x08004bec       0x4c C:/ST/STM32CubeIDE_1.19.0/STM32CubeIDE/plugins/com.st.stm32cube.ide.mcu.externaltools.gnu-tools-for-stm32.13.3.rel1.win32_1.0.0.202411081344/tools/bin/../lib/gcc/arm-none-eabi/13.3.1/../../../../arm-none-eabi/lib/thumb/v7e-m+fp/hard\libc_nano.a(libc_a-makebuf.o)
                0x08004bec                __swhatbuf_r
 .text.__smakebuf_r
                0x08004c38       0x78 C:/ST/STM32CubeIDE_1.19.0/STM32CubeIDE/plugins/com.st.stm32cube.ide.mcu.externaltools.gnu-tools-for-stm32.13.3.rel1.win32_1.0.0.202411081344/tools/bin/../lib/gcc/arm-none-eabi/13.3.1/../../../../arm-none-eabi/lib/thumb/v7e-m+fp/hard\libc_nano.a(libc_a-makebuf.o)
                0x08004c38                __smakebuf_r
 .text._fstat_r
                0x08004cb0       0x24 C:/ST/STM32CubeIDE_1.19.0/STM32CubeIDE/plugins/com.st.stm32cube.ide.mcu.externaltools.gnu-tools-for-stm32.13.3.rel1.win32_1.0.0.202411081344/tools/bin/../lib/gcc/arm-none-eabi/13.3.1/../../../../arm-none-eabi/lib/thumb/v7e-m+fp/hard\libc_nano.a(libc_a-fstatr.o)
                0x08004cb0                _fstat_r
 .text._isatty_r
                0x08004cd4       0x20 C:/ST/STM32CubeIDE_1.19.0/STM32CubeIDE/plugins/com.st.stm32cube.ide.mcu.externaltools.gnu-tools-for-stm32.13.3.rel1.win32_1.0.0.202411081344/tools/bin/../lib/gcc/arm-none-eabi/13.3.1/../../../../arm-none-eabi/lib/thumb/v7e-m+fp/hard\libc_nano.a(libc_a-isattyr.o)
                0x08004cd4                _isatty_r
 .text._sbrk    0x08004cf4       0x1c C:/ST/STM32CubeIDE_1.19.0/STM32CubeIDE/plugins/com.st.stm32cube.ide.mcu.externaltools.gnu-tools-for-stm32.13.3.rel1.win32_1.0.0.202411081344/tools/bin/../lib/gcc/arm-none-eabi/13.3.1/../../../../arm-none-eabi/lib/thumb/v7e-m+fp/hard\libnosys.a(sbrk.o)
                0x08004cf4                _sbrk
 *(.glue_7)
 .glue_7        0x08004d10        0x0 linker stubs
 *(.glue_7t)
 .glue_7t       0x08004d10        0x0 linker stubs
 *(.eh_frame)
 .eh_frame      0x08004d10        0x0 C:/ST/STM32CubeIDE_1.19.0/STM32CubeIDE/plugins/com.st.stm32cube.ide.mcu.externaltools.gnu-tools-for-stm32.13.3.rel1.win32_1.0.0.202411081344/tools/bin/../lib/gcc/arm-none-eabi/13.3.1/thumb/v7e-m+fp/hard/crtbegin.o
 *(.init)
 .init          0x08004d10        0x4 C:/ST/STM32CubeIDE_1.19.0/STM32CubeIDE/plugins/com.st.stm32cube.ide.mcu.externaltools.gnu-tools-for-stm32.13.3.rel1.win32_1.0.0.202411081344/tools/bin/../lib/gcc/arm-none-eabi/13.3.1/thumb/v7e-m+fp/hard/crti.o
                0x08004d10                _init
 .init          0x08004d14        0x8 C:/ST/STM32CubeIDE_1.19.0/STM32CubeIDE/plugins/com.st.stm32cube.ide.mcu.externaltools.gnu-tools-for-stm32.13.3.rel1.win32_1.0.0.202411081344/tools/bin/../lib/gcc/arm-none-eabi/13.3.1/thumb/v7e-m+fp/hard/crtn.o
 *(.fini)
 .fini          0x08004d1c        0x4 C:/ST/STM32CubeIDE_1.19.0/STM32CubeIDE/plugins/com.st.stm32cube.ide.mcu.externaltools.gnu-tools-for-stm32.13.3.rel1.win32_1.0.0.202411081344/tools/bin/../lib/gcc/arm-none-eabi/13.3.1/thumb/v7e-m+fp/hard/crti.o
                0x08004d1c                _fini
 .fini          0x08004d20        0x8 C:/ST/STM32CubeIDE_1.19.0/STM32CubeIDE/plugins/com.st.stm32cube.ide.mcu.externaltools.gnu-tools-for-stm32.13.3.rel1.win32_1.0.0.202411081344/tools/bin/../lib/gcc/arm-none-eabi/13.3.1/thumb/v7e-m+fp/hard/crtn.o
                0x08004d28                        . = ALIGN (0x4)
                0x08004d28                        _etext = .

.vfp11_veneer   0x08004d28        0x0
 .vfp11_veneer  0x08004d28        0x0 linker stubs

.v4_bx          0x08004d28        0x0
 .v4_bx         0x08004d28        0x0 linker stubs

.iplt           0x08004d28        0x0
 .iplt          0x08004d28        0x0 C:/ST/STM32CubeIDE_1.19.0/STM32CubeIDE/plugins/com.st.stm32cube.ide.mcu.externaltools.gnu-tools-for-stm32.13.3.rel1.win32_1.0.0.202411081344/tools/bin/../lib/gcc/arm-none-eabi/13.3.1/thumb/v7e-m+fp/hard/crtbegin.o

.rodata         0x08004d28      0x1a4
                0x08004d28                        . = ALIGN (0x4)
 *(.rodata)
 .rodata        0x08004d28       0x20 ./Src/OLED_ssd1306.o
 .rodata        0x08004d48       0x84 ./Src/main.o
 .rodata        0x08004dcc        0x5 ./ThirdParty/FreeRTOS/tasks.o
 *(.rodata*)
 *fill*         0x08004dd1        0x3 
 .rodata.font_digits_5x7
                0x08004dd4       0x32 ./Src/OLED_ssd1306.o
 *fill*         0x08004e06        0x2 
 .rodata.font_colon_5x7
                0x08004e08        0x5 ./Src/OLED_ssd1306.o
 *fill*         0x08004e0d        0x3 
 .rodata.font_letters_5x7
                0x08004e10       0x82 ./Src/OLED_ssd1306.o
 *fill*         0x08004e92        0x2 
 .rodata.uxTopUsedPriority
                0x08004e94        0x4 ./ThirdParty/FreeRTOS/tasks.o
                0x08004e94                uxTopUsedPriority
 .rodata._vfprintf_r.str1.1
                0x08004e98       0x33 C:/ST/STM32CubeIDE_1.19.0/STM32CubeIDE/plugins/com.st.stm32cube.ide.mcu.externaltools.gnu-tools-for-stm32.13.3.rel1.win32_1.0.0.202411081344/tools/bin/../lib/gcc/arm-none-eabi/13.3.1/../../../../arm-none-eabi/lib/thumb/v7e-m+fp/hard\libc_nano.a(libc_a-nano-vfprintf.o)
                                 0x11 (size before relaxing)
 .rodata._printf_i.str1.1
                0x08004ecb       0x22 C:/ST/STM32CubeIDE_1.19.0/STM32CubeIDE/plugins/com.st.stm32cube.ide.mcu.externaltools.gnu-tools-for-stm32.13.3.rel1.win32_1.0.0.202411081344/tools/bin/../lib/gcc/arm-none-eabi/13.3.1/../../../../arm-none-eabi/lib/thumb/v7e-m+fp/hard\libc_nano.a(libc_a-nano-vfprintf_i.o)
                0x08004ef0                        . = ALIGN (0x4)
 *fill*         0x08004ecb        0x1 

.ARM.extab      0x08004ecc        0x0
                0x08004ecc                        . = ALIGN (0x4)
 *(.ARM.extab* .gnu.linkonce.armextab.*)
                0x08004ecc                        . = ALIGN (0x4)

.ARM            0x08004ecc        0x8
                0x08004ecc                        . = ALIGN (0x4)
                0x08004ecc                        __exidx_start = .
 *(.ARM.exidx*)
 .ARM.exidx     0x08004ecc        0x8 C:/ST/STM32CubeIDE_1.19.0/STM32CubeIDE/plugins/com.st.stm32cube.ide.mcu.externaltools.gnu-tools-for-stm32.13.3.rel1.win32_1.0.0.202411081344/tools/bin/../lib/gcc/arm-none-eabi/13.3.1/../../../../arm-none-eabi/lib/thumb/v7e-m+fp/hard\libc_nano.a(libc_a-memchr.o)
                0x08004ed4                        __exidx_end = .
                0x08004ed4                        . = ALIGN (0x4)

.preinit_array  0x08004ed4        0x0
                0x08004ed4                        . = ALIGN (0x4)
                0x08004ed4                        PROVIDE (__preinit_array_start = .)
 *(.preinit_array*)
                0x08004ed4                        PROVIDE (__preinit_array_end = .)
                0x08004ed4                        . = ALIGN (0x4)

.init_array     0x08004ed4        0x4
                0x08004ed4                        . = ALIGN (0x4)
                0x08004ed4                        PROVIDE (__init_array_start = .)
 *(SORT_BY_NAME(.init_array.*))
 *(.init_array*)
 .init_array    0x08004ed4        0x4 C:/ST/STM32CubeIDE_1.19.0/STM32CubeIDE/plugins/com.st.stm32cube.ide.mcu.externaltools.gnu-tools-for-stm32.13.3.rel1.win32_1.0.0.202411081344/tools/bin/../lib/gcc/arm-none-eabi/13.3.1/thumb/v7e-m+fp/hard/crtbegin.o
                0x08004ed8                        PROVIDE (__init_array_end = .)
                0x08004ed8                        . = ALIGN (0x4)

.fini_array     0x08004ed8        0x4
                0x08004ed8                        . = ALIGN (0x4)
                [!provide]                        PROVIDE (__fini_array_start = .)
 *(SORT_BY_NAME(.fini_array.*))
 *(.fini_array*)
 .fini_array    0x08004ed8        0x4 C:/ST/STM32CubeIDE_1.19.0/STM32CubeIDE/plugins/com.st.stm32cube.ide.mcu.externaltools.gnu-tools-for-stm32.13.3.rel1.win32_1.0.0.202411081344/tools/bin/../lib/gcc/arm-none-eabi/13.3.1/thumb/v7e-m+fp/hard/crtbegin.o
                [!provide]                        PROVIDE (__fini_array_end = .)
                0x08004edc                        . = ALIGN (0x4)
                0x08004edc                        _sidata = LOADADDR (.data)

.rel.dyn        0x08004edc        0x0
 .rel.iplt      0x08004edc        0x0 C:/ST/STM32CubeIDE_1.19.0/STM32CubeIDE/plugins/com.st.stm32cube.ide.mcu.externaltools.gnu-tools-for-stm32.13.3.rel1.win32_1.0.0.202411081344/tools/bin/../lib/gcc/arm-none-eabi/13.3.1/thumb/v7e-m+fp/hard/crtbegin.o

.data           0x20000000       0x64 load address 0x08004edc
                0x20000000                        . = ALIGN (0x4)
                0x20000000                        _sdata = .
 *(.data)
 *(.data*)
 .data.SystemCoreClock
                0x20000000        0x4 ./Src/system_coreclock.o
                0x20000000                SystemCoreClock
 .data.uxCriticalNesting
                0x20000004        0x4 ./ThirdParty/FreeRTOS/portable/GCC/ARM_CM4F/port.o
 .data.__sglue  0x20000008        0xc C:/ST/STM32CubeIDE_1.19.0/STM32CubeIDE/plugins/com.st.stm32cube.ide.mcu.externaltools.gnu-tools-for-stm32.13.3.rel1.win32_1.0.0.202411081344/tools/bin/../lib/gcc/arm-none-eabi/13.3.1/../../../../arm-none-eabi/lib/thumb/v7e-m+fp/hard\libc_nano.a(libc_a-findfp.o)
                0x20000008                __sglue
 .data._impure_ptr
                0x20000014        0x4 C:/ST/STM32CubeIDE_1.19.0/STM32CubeIDE/plugins/com.st.stm32cube.ide.mcu.externaltools.gnu-tools-for-stm32.13.3.rel1.win32_1.0.0.202411081344/tools/bin/../lib/gcc/arm-none-eabi/13.3.1/../../../../arm-none-eabi/lib/thumb/v7e-m+fp/hard\libc_nano.a(libc_a-impure.o)
                0x20000014                _impure_ptr
 .data._impure_data
                0x20000018       0x4c C:/ST/STM32CubeIDE_1.19.0/STM32CubeIDE/plugins/com.st.stm32cube.ide.mcu.externaltools.gnu-tools-for-stm32.13.3.rel1.win32_1.0.0.202411081344/tools/bin/../lib/gcc/arm-none-eabi/13.3.1/../../../../arm-none-eabi/lib/thumb/v7e-m+fp/hard\libc_nano.a(libc_a-impure.o)
                0x20000018                _impure_data
 *(.RamFunc)
 *(.RamFunc*)
                0x20000064                        . = ALIGN (0x4)
                0x20000064                        _edata = .
                0x08004f40                        _siccmram = LOADADDR (.ccmram)

.igot.plt       0x20000064        0x0 load address 0x08004f40
 .igot.plt      0x20000064        0x0 C:/ST/STM32CubeIDE_1.19.0/STM32CubeIDE/plugins/com.st.stm32cube.ide.mcu.externaltools.gnu-tools-for-stm32.13.3.rel1.win32_1.0.0.202411081344/tools/bin/../lib/gcc/arm-none-eabi/13.3.1/thumb/v7e-m+fp/hard/crtbegin.o

.ccmram         0x10000000        0x0 load address 0x08004f40
                0x10000000                        . = ALIGN (0x4)
                0x10000000                        _sccmram = .
 *(.ccmram)
 *(.ccmram*)
                0x10000000                        . = ALIGN (0x4)
                0x10000000                        _eccmram = .
                0x10000000                        . = ALIGN (0x4)

.bss            0x20000064    0x132b0
                0x20000064                        _sbss = .
                0x20000064                        __bss_start__ = _sbss
 *(.bss)
 .bss           0x20000064       0x1c C:/ST/STM32CubeIDE_1.19.0/STM32CubeIDE/plugins/com.st.stm32cube.ide.mcu.externaltools.gnu-tools-for-stm32.13.3.rel1.win32_1.0.0.202411081344/tools/bin/../lib/gcc/arm-none-eabi/13.3.1/thumb/v7e-m+fp/hard/crtbegin.o
 *(.bss*)
 .bss.oled_framebuffer
                0x20000080      0x400 ./Src/OLED_ssd1306.o
 .bss.oled_task_t
                0x20000480        0x4 ./Src/main.o
                0x20000480                oled_task_t
 .bss.rtc_task_t
                0x20000484        0x4 ./Src/main.o
                0x20000484                rtc_task_t
 .bss.i2c_mutex
                0x20000488        0x4 ./Src/main.o
                0x20000488                i2c_mutex
 .bss.time_data_mutex
                0x2000048c        0x4 ./Src/main.o
                0x2000048c                time_data_mutex
 .bss.shared_time_data
                0x20000490        0x7 ./Src/main.o
                0x20000490                shared_time_data
 *fill*         0x20000497        0x1 
 .bss.pxCurrentTCB
                0x20000498        0x4 ./ThirdParty/FreeRTOS/tasks.o
                0x20000498                pxCurrentTCB
 .bss.pxReadyTasksLists
                0x2000049c       0x64 ./ThirdParty/FreeRTOS/tasks.o
 .bss.xDelayedTaskList1
                0x20000500       0x14 ./ThirdParty/FreeRTOS/tasks.o
 .bss.xDelayedTaskList2
                0x20000514       0x14 ./ThirdParty/FreeRTOS/tasks.o
 .bss.pxDelayedTaskList
                0x20000528        0x4 ./ThirdParty/FreeRTOS/tasks.o
 .bss.pxOverflowDelayedTaskList
                0x2000052c        0x4 ./ThirdParty/FreeRTOS/tasks.o
 .bss.xPendingReadyList
                0x20000530       0x14 ./ThirdParty/FreeRTOS/tasks.o
 .bss.xTasksWaitingTermination
                0x20000544       0x14 ./ThirdParty/FreeRTOS/tasks.o
 .bss.uxDeletedTasksWaitingCleanUp
                0x20000558        0x4 ./ThirdParty/FreeRTOS/tasks.o
 .bss.xSuspendedTaskList
                0x2000055c       0x14 ./ThirdParty/FreeRTOS/tasks.o
 .bss.uxCurrentNumberOfTasks
                0x20000570        0x4 ./ThirdParty/FreeRTOS/tasks.o
 .bss.xTickCount
                0x20000574        0x4 ./ThirdParty/FreeRTOS/tasks.o
 .bss.uxTopReadyPriority
                0x20000578        0x4 ./ThirdParty/FreeRTOS/tasks.o
 .bss.xSchedulerRunning
                0x2000057c        0x4 ./ThirdParty/FreeRTOS/tasks.o
 .bss.xPendedTicks
                0x20000580        0x4 ./ThirdParty/FreeRTOS/tasks.o
 .bss.xYieldPending
                0x20000584        0x4 ./ThirdParty/FreeRTOS/tasks.o
 .bss.xNumOfOverflows
                0x20000588        0x4 ./ThirdParty/FreeRTOS/tasks.o
 .bss.uxTaskNumber
                0x2000058c        0x4 ./ThirdParty/FreeRTOS/tasks.o
 .bss.xNextTaskUnblockTime
                0x20000590        0x4 ./ThirdParty/FreeRTOS/tasks.o
 .bss.xIdleTaskHandle
                0x20000594        0x4 ./ThirdParty/FreeRTOS/tasks.o
 .bss.uxSchedulerSuspended
                0x20000598        0x4 ./ThirdParty/FreeRTOS/tasks.o
 .bss.ucMaxSysCallPriority
                0x2000059c        0x1 ./ThirdParty/FreeRTOS/portable/GCC/ARM_CM4F/port.o
 *fill*         0x2000059d        0x3 
 .bss.ulMaxPRIGROUPValue
                0x200005a0        0x4 ./ThirdParty/FreeRTOS/portable/GCC/ARM_CM4F/port.o
 .bss.ucHeap    0x200005a4    0x12c00 ./ThirdParty/FreeRTOS/portable/MemMang/heap_4.o
 .bss.xStart    0x200131a4        0x8 ./ThirdParty/FreeRTOS/portable/MemMang/heap_4.o
 .bss.pxEnd     0x200131ac        0x4 ./ThirdParty/FreeRTOS/portable/MemMang/heap_4.o
 .bss.xFreeBytesRemaining
                0x200131b0        0x4 ./ThirdParty/FreeRTOS/portable/MemMang/heap_4.o
 .bss.xMinimumEverFreeBytesRemaining
                0x200131b4        0x4 ./ThirdParty/FreeRTOS/portable/MemMang/heap_4.o
 .bss.xNumberOfSuccessfulAllocations
                0x200131b8        0x4 ./ThirdParty/FreeRTOS/portable/MemMang/heap_4.o
 .bss.xNumberOfSuccessfulFrees
                0x200131bc        0x4 ./ThirdParty/FreeRTOS/portable/MemMang/heap_4.o
 .bss.xBlockAllocatedBit
                0x200131c0        0x4 ./ThirdParty/FreeRTOS/portable/MemMang/heap_4.o
 .bss.__sf      0x200131c4      0x138 C:/ST/STM32CubeIDE_1.19.0/STM32CubeIDE/plugins/com.st.stm32cube.ide.mcu.externaltools.gnu-tools-for-stm32.13.3.rel1.win32_1.0.0.202411081344/tools/bin/../lib/gcc/arm-none-eabi/13.3.1/../../../../arm-none-eabi/lib/thumb/v7e-m+fp/hard\libc_nano.a(libc_a-findfp.o)
                0x200131c4                __sf
 .bss.__stdio_exit_handler
                0x200132fc        0x4 C:/ST/STM32CubeIDE_1.19.0/STM32CubeIDE/plugins/com.st.stm32cube.ide.mcu.externaltools.gnu-tools-for-stm32.13.3.rel1.win32_1.0.0.202411081344/tools/bin/../lib/gcc/arm-none-eabi/13.3.1/../../../../arm-none-eabi/lib/thumb/v7e-m+fp/hard\libc_nano.a(libc_a-findfp.o)
                0x200132fc                __stdio_exit_handler
 .bss.errno     0x20013300        0x4 C:/ST/STM32CubeIDE_1.19.0/STM32CubeIDE/plugins/com.st.stm32cube.ide.mcu.externaltools.gnu-tools-for-stm32.13.3.rel1.win32_1.0.0.202411081344/tools/bin/../lib/gcc/arm-none-eabi/13.3.1/../../../../arm-none-eabi/lib/thumb/v7e-m+fp/hard\libc_nano.a(libc_a-reent.o)
                0x20013300                errno
 .bss.__lock___malloc_recursive_mutex
                0x20013304        0x1 C:/ST/STM32CubeIDE_1.19.0/STM32CubeIDE/plugins/com.st.stm32cube.ide.mcu.externaltools.gnu-tools-for-stm32.13.3.rel1.win32_1.0.0.202411081344/tools/bin/../lib/gcc/arm-none-eabi/13.3.1/../../../../arm-none-eabi/lib/thumb/v7e-m+fp/hard\libc_nano.a(libc_a-lock.o)
                0x20013304                __lock___malloc_recursive_mutex
 .bss.__lock___sfp_recursive_mutex
                0x20013305        0x1 C:/ST/STM32CubeIDE_1.19.0/STM32CubeIDE/plugins/com.st.stm32cube.ide.mcu.externaltools.gnu-tools-for-stm32.13.3.rel1.win32_1.0.0.202411081344/tools/bin/../lib/gcc/arm-none-eabi/13.3.1/../../../../arm-none-eabi/lib/thumb/v7e-m+fp/hard\libc_nano.a(libc_a-lock.o)
                0x20013305                __lock___sfp_recursive_mutex
 *fill*         0x20013306        0x2 
 .bss.__malloc_sbrk_start
                0x20013308        0x4 C:/ST/STM32CubeIDE_1.19.0/STM32CubeIDE/plugins/com.st.stm32cube.ide.mcu.externaltools.gnu-tools-for-stm32.13.3.rel1.win32_1.0.0.202411081344/tools/bin/../lib/gcc/arm-none-eabi/13.3.1/../../../../arm-none-eabi/lib/thumb/v7e-m+fp/hard\libc_nano.a(libc_a-mallocr.o)
                0x20013308                __malloc_sbrk_start
 .bss.__malloc_free_list
                0x2001330c        0x4 C:/ST/STM32CubeIDE_1.19.0/STM32CubeIDE/plugins/com.st.stm32cube.ide.mcu.externaltools.gnu-tools-for-stm32.13.3.rel1.win32_1.0.0.202411081344/tools/bin/../lib/gcc/arm-none-eabi/13.3.1/../../../../arm-none-eabi/lib/thumb/v7e-m+fp/hard\libc_nano.a(libc_a-mallocr.o)
                0x2001330c                __malloc_free_list
 .bss.heap_end.0
                0x20013310        0x4 C:/ST/STM32CubeIDE_1.19.0/STM32CubeIDE/plugins/com.st.stm32cube.ide.mcu.externaltools.gnu-tools-for-stm32.13.3.rel1.win32_1.0.0.202411081344/tools/bin/../lib/gcc/arm-none-eabi/13.3.1/../../../../arm-none-eabi/lib/thumb/v7e-m+fp/hard\libnosys.a(sbrk.o)
 *(COMMON)
                0x20013314                        . = ALIGN (0x4)
                0x20013314                        _ebss = .
                0x20013314                        __bss_end__ = _ebss

._user_heap_stack
                0x20013314      0x604
                0x20013318                        . = ALIGN (0x8)
 *fill*         0x20013314        0x4 
                0x20013318                        PROVIDE (end = .)
                [!provide]                        PROVIDE (_end = .)
                0x20013518                        . = (. + _Min_Heap_Size)
 *fill*         0x20013318      0x200 
                0x20013918                        . = (. + _Min_Stack_Size)
 *fill*         0x20013518      0x400 
                0x20013918                        . = ALIGN (0x8)

/DISCARD/
 libc.a(*)
 libm.a(*)
 libgcc.a(*)

.ARM.attributes
                0x00000000       0x30
 *(.ARM.attributes)
 .ARM.attributes
                0x00000000       0x22 C:/ST/STM32CubeIDE_1.19.0/STM32CubeIDE/plugins/com.st.stm32cube.ide.mcu.externaltools.gnu-tools-for-stm32.13.3.rel1.win32_1.0.0.202411081344/tools/bin/../lib/gcc/arm-none-eabi/13.3.1/thumb/v7e-m+fp/hard/crti.o
 .ARM.attributes
                0x00000022       0x34 C:/ST/STM32CubeIDE_1.19.0/STM32CubeIDE/plugins/com.st.stm32cube.ide.mcu.externaltools.gnu-tools-for-stm32.13.3.rel1.win32_1.0.0.202411081344/tools/bin/../lib/gcc/arm-none-eabi/13.3.1/thumb/v7e-m+fp/hard/crtbegin.o
 .ARM.attributes
                0x00000056       0x34 ./Src/OLED_ssd1306.o
 .ARM.attributes
                0x0000008a       0x34 ./Src/RTC_ds3231.o
 .ARM.attributes
                0x000000be       0x34 ./Src/main.o
 .ARM.attributes
                0x000000f2       0x34 ./Src/syscalls.o
 .ARM.attributes
                0x00000126       0x34 ./Src/system_coreclock.o
 .ARM.attributes
                0x0000015a       0x21 ./Startup/startup_stm32f407vgtx.o
 .ARM.attributes
                0x0000017b       0x34 ./ThirdParty/FreeRTOS/list.o
 .ARM.attributes
                0x000001af       0x34 ./ThirdParty/FreeRTOS/queue.o
 .ARM.attributes
                0x000001e3       0x34 ./ThirdParty/FreeRTOS/tasks.o
 .ARM.attributes
                0x00000217       0x34 ./ThirdParty/FreeRTOS/portable/GCC/ARM_CM4F/port.o
 .ARM.attributes
                0x0000024b       0x34 ./ThirdParty/FreeRTOS/portable/MemMang/heap_4.o
 .ARM.attributes
                0x0000027f       0x34 ./driver/rtc+oled_driver.o
 .ARM.attributes
                0x000002b3       0x34 C:/ST/STM32CubeIDE_1.19.0/STM32CubeIDE/plugins/com.st.stm32cube.ide.mcu.externaltools.gnu-tools-for-stm32.13.3.rel1.win32_1.0.0.202411081344/tools/bin/../lib/gcc/arm-none-eabi/13.3.1/../../../../arm-none-eabi/lib/thumb/v7e-m+fp/hard\libc_nano.a(libc_a-findfp.o)
 .ARM.attributes
                0x000002e7       0x34 C:/ST/STM32CubeIDE_1.19.0/STM32CubeIDE/plugins/com.st.stm32cube.ide.mcu.externaltools.gnu-tools-for-stm32.13.3.rel1.win32_1.0.0.202411081344/tools/bin/../lib/gcc/arm-none-eabi/13.3.1/../../../../arm-none-eabi/lib/thumb/v7e-m+fp/hard\libc_nano.a(libc_a-fwalk.o)
 .ARM.attributes
                0x0000031b       0x34 C:/ST/STM32CubeIDE_1.19.0/STM32CubeIDE/plugins/com.st.stm32cube.ide.mcu.externaltools.gnu-tools-for-stm32.13.3.rel1.win32_1.0.0.202411081344/tools/bin/../lib/gcc/arm-none-eabi/13.3.1/../../../../arm-none-eabi/lib/thumb/v7e-m+fp/hard\libc_nano.a(libc_a-printf.o)
 .ARM.attributes
                0x0000034f       0x34 C:/ST/STM32CubeIDE_1.19.0/STM32CubeIDE/plugins/com.st.stm32cube.ide.mcu.externaltools.gnu-tools-for-stm32.13.3.rel1.win32_1.0.0.202411081344/tools/bin/../lib/gcc/arm-none-eabi/13.3.1/../../../../arm-none-eabi/lib/thumb/v7e-m+fp/hard\libc_nano.a(libc_a-stdio.o)
 .ARM.attributes
                0x00000383       0x34 C:/ST/STM32CubeIDE_1.19.0/STM32CubeIDE/plugins/com.st.stm32cube.ide.mcu.externaltools.gnu-tools-for-stm32.13.3.rel1.win32_1.0.0.202411081344/tools/bin/../lib/gcc/arm-none-eabi/13.3.1/../../../../arm-none-eabi/lib/thumb/v7e-m+fp/hard\libc_nano.a(libc_a-memset.o)
 .ARM.attributes
                0x000003b7       0x34 C:/ST/STM32CubeIDE_1.19.0/STM32CubeIDE/plugins/com.st.stm32cube.ide.mcu.externaltools.gnu-tools-for-stm32.13.3.rel1.win32_1.0.0.202411081344/tools/bin/../lib/gcc/arm-none-eabi/13.3.1/../../../../arm-none-eabi/lib/thumb/v7e-m+fp/hard\libc_nano.a(libc_a-closer.o)
 .ARM.attributes
                0x000003eb       0x34 C:/ST/STM32CubeIDE_1.19.0/STM32CubeIDE/plugins/com.st.stm32cube.ide.mcu.externaltools.gnu-tools-for-stm32.13.3.rel1.win32_1.0.0.202411081344/tools/bin/../lib/gcc/arm-none-eabi/13.3.1/../../../../arm-none-eabi/lib/thumb/v7e-m+fp/hard\libc_nano.a(libc_a-reent.o)
 .ARM.attributes
                0x0000041f       0x34 C:/ST/STM32CubeIDE_1.19.0/STM32CubeIDE/plugins/com.st.stm32cube.ide.mcu.externaltools.gnu-tools-for-stm32.13.3.rel1.win32_1.0.0.202411081344/tools/bin/../lib/gcc/arm-none-eabi/13.3.1/../../../../arm-none-eabi/lib/thumb/v7e-m+fp/hard\libc_nano.a(libc_a-impure.o)
 .ARM.attributes
                0x00000453       0x34 C:/ST/STM32CubeIDE_1.19.0/STM32CubeIDE/plugins/com.st.stm32cube.ide.mcu.externaltools.gnu-tools-for-stm32.13.3.rel1.win32_1.0.0.202411081344/tools/bin/../lib/gcc/arm-none-eabi/13.3.1/../../../../arm-none-eabi/lib/thumb/v7e-m+fp/hard\libc_nano.a(libc_a-lseekr.o)
 .ARM.attributes
                0x00000487       0x34 C:/ST/STM32CubeIDE_1.19.0/STM32CubeIDE/plugins/com.st.stm32cube.ide.mcu.externaltools.gnu-tools-for-stm32.13.3.rel1.win32_1.0.0.202411081344/tools/bin/../lib/gcc/arm-none-eabi/13.3.1/../../../../arm-none-eabi/lib/thumb/v7e-m+fp/hard\libc_nano.a(libc_a-readr.o)
 .ARM.attributes
                0x000004bb       0x34 C:/ST/STM32CubeIDE_1.19.0/STM32CubeIDE/plugins/com.st.stm32cube.ide.mcu.externaltools.gnu-tools-for-stm32.13.3.rel1.win32_1.0.0.202411081344/tools/bin/../lib/gcc/arm-none-eabi/13.3.1/../../../../arm-none-eabi/lib/thumb/v7e-m+fp/hard\libc_nano.a(libc_a-writer.o)
 .ARM.attributes
                0x000004ef       0x34 C:/ST/STM32CubeIDE_1.19.0/STM32CubeIDE/plugins/com.st.stm32cube.ide.mcu.externaltools.gnu-tools-for-stm32.13.3.rel1.win32_1.0.0.202411081344/tools/bin/../lib/gcc/arm-none-eabi/13.3.1/../../../../arm-none-eabi/lib/thumb/v7e-m+fp/hard\libc_nano.a(libc_a-init.o)
 .ARM.attributes
                0x00000523       0x34 C:/ST/STM32CubeIDE_1.19.0/STM32CubeIDE/plugins/com.st.stm32cube.ide.mcu.externaltools.gnu-tools-for-stm32.13.3.rel1.win32_1.0.0.202411081344/tools/bin/../lib/gcc/arm-none-eabi/13.3.1/../../../../arm-none-eabi/lib/thumb/v7e-m+fp/hard\libc_nano.a(libc_a-lock.o)
 .ARM.attributes
                0x00000557       0x34 C:/ST/STM32CubeIDE_1.19.0/STM32CubeIDE/plugins/com.st.stm32cube.ide.mcu.externaltools.gnu-tools-for-stm32.13.3.rel1.win32_1.0.0.202411081344/tools/bin/../lib/gcc/arm-none-eabi/13.3.1/../../../../arm-none-eabi/lib/thumb/v7e-m+fp/hard\libc_nano.a(libc_a-memcpy-stub.o)
 .ARM.attributes
                0x0000058b       0x34 C:/ST/STM32CubeIDE_1.19.0/STM32CubeIDE/plugins/com.st.stm32cube.ide.mcu.externaltools.gnu-tools-for-stm32.13.3.rel1.win32_1.0.0.202411081344/tools/bin/../lib/gcc/arm-none-eabi/13.3.1/../../../../arm-none-eabi/lib/thumb/v7e-m+fp/hard\libc_nano.a(libc_a-freer.o)
 .ARM.attributes
                0x000005bf       0x34 C:/ST/STM32CubeIDE_1.19.0/STM32CubeIDE/plugins/com.st.stm32cube.ide.mcu.externaltools.gnu-tools-for-stm32.13.3.rel1.win32_1.0.0.202411081344/tools/bin/../lib/gcc/arm-none-eabi/13.3.1/../../../../arm-none-eabi/lib/thumb/v7e-m+fp/hard\libc_nano.a(libc_a-mallocr.o)
 .ARM.attributes
                0x000005f3       0x34 C:/ST/STM32CubeIDE_1.19.0/STM32CubeIDE/plugins/com.st.stm32cube.ide.mcu.externaltools.gnu-tools-for-stm32.13.3.rel1.win32_1.0.0.202411081344/tools/bin/../lib/gcc/arm-none-eabi/13.3.1/../../../../arm-none-eabi/lib/thumb/v7e-m+fp/hard\libc_nano.a(libc_a-mlock.o)
 .ARM.attributes
                0x00000627       0x34 C:/ST/STM32CubeIDE_1.19.0/STM32CubeIDE/plugins/com.st.stm32cube.ide.mcu.externaltools.gnu-tools-for-stm32.13.3.rel1.win32_1.0.0.202411081344/tools/bin/../lib/gcc/arm-none-eabi/13.3.1/../../../../arm-none-eabi/lib/thumb/v7e-m+fp/hard\libc_nano.a(libc_a-nano-vfprintf.o)
 .ARM.attributes
                0x0000065b       0x34 C:/ST/STM32CubeIDE_1.19.0/STM32CubeIDE/plugins/com.st.stm32cube.ide.mcu.externaltools.gnu-tools-for-stm32.13.3.rel1.win32_1.0.0.202411081344/tools/bin/../lib/gcc/arm-none-eabi/13.3.1/../../../../arm-none-eabi/lib/thumb/v7e-m+fp/hard\libc_nano.a(libc_a-nano-vfprintf_i.o)
 .ARM.attributes
                0x0000068f       0x34 C:/ST/STM32CubeIDE_1.19.0/STM32CubeIDE/plugins/com.st.stm32cube.ide.mcu.externaltools.gnu-tools-for-stm32.13.3.rel1.win32_1.0.0.202411081344/tools/bin/../lib/gcc/arm-none-eabi/13.3.1/../../../../arm-none-eabi/lib/thumb/v7e-m+fp/hard\libc_nano.a(libc_a-fflush.o)
 .ARM.attributes
                0x000006c3       0x34 C:/ST/STM32CubeIDE_1.19.0/STM32CubeIDE/plugins/com.st.stm32cube.ide.mcu.externaltools.gnu-tools-for-stm32.13.3.rel1.win32_1.0.0.202411081344/tools/bin/../lib/gcc/arm-none-eabi/13.3.1/../../../../arm-none-eabi/lib/thumb/v7e-m+fp/hard\libc_nano.a(libc_a-wbuf.o)
 .ARM.attributes
                0x000006f7       0x34 C:/ST/STM32CubeIDE_1.19.0/STM32CubeIDE/plugins/com.st.stm32cube.ide.mcu.externaltools.gnu-tools-for-stm32.13.3.rel1.win32_1.0.0.202411081344/tools/bin/../lib/gcc/arm-none-eabi/13.3.1/../../../../arm-none-eabi/lib/thumb/v7e-m+fp/hard\libc_nano.a(libc_a-wsetup.o)
 .ARM.attributes
                0x0000072b       0x34 C:/ST/STM32CubeIDE_1.19.0/STM32CubeIDE/plugins/com.st.stm32cube.ide.mcu.externaltools.gnu-tools-for-stm32.13.3.rel1.win32_1.0.0.202411081344/tools/bin/../lib/gcc/arm-none-eabi/13.3.1/../../../../arm-none-eabi/lib/thumb/v7e-m+fp/hard\libc_nano.a(libc_a-sbrkr.o)
 .ARM.attributes
                0x0000075f       0x1c C:/ST/STM32CubeIDE_1.19.0/STM32CubeIDE/plugins/com.st.stm32cube.ide.mcu.externaltools.gnu-tools-for-stm32.13.3.rel1.win32_1.0.0.202411081344/tools/bin/../lib/gcc/arm-none-eabi/13.3.1/../../../../arm-none-eabi/lib/thumb/v7e-m+fp/hard\libc_nano.a(libc_a-memchr.o)
 .ARM.attributes
                0x0000077b       0x34 C:/ST/STM32CubeIDE_1.19.0/STM32CubeIDE/plugins/com.st.stm32cube.ide.mcu.externaltools.gnu-tools-for-stm32.13.3.rel1.win32_1.0.0.202411081344/tools/bin/../lib/gcc/arm-none-eabi/13.3.1/../../../../arm-none-eabi/lib/thumb/v7e-m+fp/hard\libc_nano.a(libc_a-makebuf.o)
 .ARM.attributes
                0x000007af       0x34 C:/ST/STM32CubeIDE_1.19.0/STM32CubeIDE/plugins/com.st.stm32cube.ide.mcu.externaltools.gnu-tools-for-stm32.13.3.rel1.win32_1.0.0.202411081344/tools/bin/../lib/gcc/arm-none-eabi/13.3.1/../../../../arm-none-eabi/lib/thumb/v7e-m+fp/hard\libc_nano.a(libc_a-fstatr.o)
 .ARM.attributes
                0x000007e3       0x34 C:/ST/STM32CubeIDE_1.19.0/STM32CubeIDE/plugins/com.st.stm32cube.ide.mcu.externaltools.gnu-tools-for-stm32.13.3.rel1.win32_1.0.0.202411081344/tools/bin/../lib/gcc/arm-none-eabi/13.3.1/../../../../arm-none-eabi/lib/thumb/v7e-m+fp/hard\libc_nano.a(libc_a-isattyr.o)
 .ARM.attributes
                0x00000817       0x34 C:/ST/STM32CubeIDE_1.19.0/STM32CubeIDE/plugins/com.st.stm32cube.ide.mcu.externaltools.gnu-tools-for-stm32.13.3.rel1.win32_1.0.0.202411081344/tools/bin/../lib/gcc/arm-none-eabi/13.3.1/../../../../arm-none-eabi/lib/thumb/v7e-m+fp/hard\libnosys.a(sbrk.o)
 .ARM.attributes
                0x0000084b       0x22 C:/ST/STM32CubeIDE_1.19.0/STM32CubeIDE/plugins/com.st.stm32cube.ide.mcu.externaltools.gnu-tools-for-stm32.13.3.rel1.win32_1.0.0.202411081344/tools/bin/../lib/gcc/arm-none-eabi/13.3.1/thumb/v7e-m+fp/hard/crtn.o
OUTPUT(OLED_RTC_using_FreeRTOS.elf elf32-littlearm)
LOAD linker stubs
LOAD C:/ST/STM32CubeIDE_1.19.0/STM32CubeIDE/plugins/com.st.stm32cube.ide.mcu.externaltools.gnu-tools-for-stm32.13.3.rel1.win32_1.0.0.202411081344/tools/bin/../lib/gcc/arm-none-eabi/13.3.1/../../../../arm-none-eabi/lib/thumb/v7e-m+fp/hard\libc.a
LOAD C:/ST/STM32CubeIDE_1.19.0/STM32CubeIDE/plugins/com.st.stm32cube.ide.mcu.externaltools.gnu-tools-for-stm32.13.3.rel1.win32_1.0.0.202411081344/tools/bin/../lib/gcc/arm-none-eabi/13.3.1/../../../../arm-none-eabi/lib/thumb/v7e-m+fp/hard\libm.a
LOAD C:/ST/STM32CubeIDE_1.19.0/STM32CubeIDE/plugins/com.st.stm32cube.ide.mcu.externaltools.gnu-tools-for-stm32.13.3.rel1.win32_1.0.0.202411081344/tools/bin/../lib/gcc/arm-none-eabi/13.3.1/thumb/v7e-m+fp/hard\libgcc.a

.debug_info     0x00000000     0x696c
 .debug_info    0x00000000      0x6d8 ./Src/OLED_ssd1306.o
 .debug_info    0x000006d8      0x3f2 ./Src/RTC_ds3231.o
 .debug_info    0x00000aca      0x9e1 ./Src/main.o
 .debug_info    0x000014ab      0x6a3 ./Src/syscalls.o
 .debug_info    0x00001b4e       0xad ./Src/system_coreclock.o
 .debug_info    0x00001bfb       0x30 ./Startup/startup_stm32f407vgtx.o
 .debug_info    0x00001c2b      0x2af ./ThirdParty/FreeRTOS/list.o
 .debug_info    0x00001eda     0x16eb ./ThirdParty/FreeRTOS/queue.o
 .debug_info    0x000035c5     0x2056 ./ThirdParty/FreeRTOS/tasks.o
 .debug_info    0x0000561b      0x582 ./ThirdParty/FreeRTOS/portable/GCC/ARM_CM4F/port.o
 .debug_info    0x00005b9d      0x4d5 ./ThirdParty/FreeRTOS/portable/MemMang/heap_4.o
 .debug_info    0x00006072      0x8fa ./driver/rtc+oled_driver.o

.debug_abbrev   0x00000000     0x1804
 .debug_abbrev  0x00000000      0x1f1 ./Src/OLED_ssd1306.o
 .debug_abbrev  0x000001f1      0x1e1 ./Src/RTC_ds3231.o
 .debug_abbrev  0x000003d2      0x350 ./Src/main.o
 .debug_abbrev  0x00000722      0x1b6 ./Src/syscalls.o
 .debug_abbrev  0x000008d8       0x67 ./Src/system_coreclock.o
 .debug_abbrev  0x0000093f       0x24 ./Startup/startup_stm32f407vgtx.o
 .debug_abbrev  0x00000963       0xf5 ./ThirdParty/FreeRTOS/list.o
 .debug_abbrev  0x00000a58      0x322 ./ThirdParty/FreeRTOS/queue.o
 .debug_abbrev  0x00000d7a      0x389 ./ThirdParty/FreeRTOS/tasks.o
 .debug_abbrev  0x00001103      0x25a ./ThirdParty/FreeRTOS/portable/GCC/ARM_CM4F/port.o
 .debug_abbrev  0x0000135d      0x21e ./ThirdParty/FreeRTOS/portable/MemMang/heap_4.o
 .debug_abbrev  0x0000157b      0x289 ./driver/rtc+oled_driver.o

.debug_aranges  0x00000000      0x6c0
 .debug_aranges
                0x00000000       0x70 ./Src/OLED_ssd1306.o
 .debug_aranges
                0x00000070       0x40 ./Src/RTC_ds3231.o
 .debug_aranges
                0x000000b0       0x48 ./Src/main.o
 .debug_aranges
                0x000000f8       0xa8 ./Src/syscalls.o
 .debug_aranges
                0x000001a0       0x20 ./Src/system_coreclock.o
 .debug_aranges
                0x000001c0       0x28 ./Startup/startup_stm32f407vgtx.o
 .debug_aranges
                0x000001e8       0x40 ./ThirdParty/FreeRTOS/list.o
 .debug_aranges
                0x00000228      0x128 ./ThirdParty/FreeRTOS/queue.o
 .debug_aranges
                0x00000350      0x1f8 ./ThirdParty/FreeRTOS/tasks.o
 .debug_aranges
                0x00000548       0x88 ./ThirdParty/FreeRTOS/portable/GCC/ARM_CM4F/port.o
 .debug_aranges
                0x000005d0       0x58 ./ThirdParty/FreeRTOS/portable/MemMang/heap_4.o
 .debug_aranges
                0x00000628       0x98 ./driver/rtc+oled_driver.o

.debug_rnglists
                0x00000000      0x524
 .debug_rnglists
                0x00000000       0x61 ./Src/OLED_ssd1306.o
 .debug_rnglists
                0x00000061       0x2c ./Src/RTC_ds3231.o
 .debug_rnglists
                0x0000008d       0x35 ./Src/main.o
 .debug_rnglists
                0x000000c2       0x79 ./Src/syscalls.o
 .debug_rnglists
                0x0000013b       0x13 ./Src/system_coreclock.o
 .debug_rnglists
                0x0000014e       0x19 ./Startup/startup_stm32f407vgtx.o
 .debug_rnglists
                0x00000167       0x2b ./ThirdParty/FreeRTOS/list.o
 .debug_rnglists
                0x00000192       0xe5 ./ThirdParty/FreeRTOS/queue.o
 .debug_rnglists
                0x00000277      0x193 ./ThirdParty/FreeRTOS/tasks.o
 .debug_rnglists
                0x0000040a       0x64 ./ThirdParty/FreeRTOS/portable/GCC/ARM_CM4F/port.o
 .debug_rnglists
                0x0000046e       0x42 ./ThirdParty/FreeRTOS/portable/MemMang/heap_4.o
 .debug_rnglists
                0x000004b0       0x74 ./driver/rtc+oled_driver.o

.debug_macro    0x00000000     0xe5b8
 .debug_macro   0x00000000      0x191 ./Src/OLED_ssd1306.o
 .debug_macro   0x00000191      0xaf0 ./Src/OLED_ssd1306.o
 .debug_macro   0x00000c81       0x65 ./Src/OLED_ssd1306.o
 .debug_macro   0x00000ce6       0x3b ./Src/OLED_ssd1306.o
 .debug_macro   0x00000d21       0x22 ./Src/OLED_ssd1306.o
 .debug_macro   0x00000d43       0x8e ./Src/OLED_ssd1306.o
 .debug_macro   0x00000dd1       0x51 ./Src/OLED_ssd1306.o
 .debug_macro   0x00000e22      0x103 ./Src/OLED_ssd1306.o
 .debug_macro   0x00000f25       0x6a ./Src/OLED_ssd1306.o
 .debug_macro   0x00000f8f      0x1df ./Src/OLED_ssd1306.o
 .debug_macro   0x0000116e       0x34 ./Src/OLED_ssd1306.o
 .debug_macro   0x000011a2       0x26 ./Src/OLED_ssd1306.o
 .debug_macro   0x000011c8      0xe43 ./Src/OLED_ssd1306.o
 .debug_macro   0x0000200b     0x91de ./Src/OLED_ssd1306.o
 .debug_macro   0x0000b1e9       0x28 ./Src/OLED_ssd1306.o
 .debug_macro   0x0000b211       0x61 ./Src/OLED_ssd1306.o
 .debug_macro   0x0000b272       0x2a ./Src/OLED_ssd1306.o
 .debug_macro   0x0000b29c       0x43 ./Src/OLED_ssd1306.o
 .debug_macro   0x0000b2df       0x34 ./Src/OLED_ssd1306.o
 .debug_macro   0x0000b313      0x190 ./Src/OLED_ssd1306.o
 .debug_macro   0x0000b4a3      0x370 ./Src/OLED_ssd1306.o
 .debug_macro   0x0000b813       0x16 ./Src/OLED_ssd1306.o
 .debug_macro   0x0000b829       0x4a ./Src/OLED_ssd1306.o
 .debug_macro   0x0000b873       0x34 ./Src/OLED_ssd1306.o
 .debug_macro   0x0000b8a7       0x10 ./Src/OLED_ssd1306.o
 .debug_macro   0x0000b8b7       0x58 ./Src/OLED_ssd1306.o
 .debug_macro   0x0000b90f       0x8e ./Src/OLED_ssd1306.o
 .debug_macro   0x0000b99d       0x1c ./Src/OLED_ssd1306.o
 .debug_macro   0x0000b9b9      0x185 ./Src/OLED_ssd1306.o
 .debug_macro   0x0000bb3e       0x10 ./Src/OLED_ssd1306.o
 .debug_macro   0x0000bb4e       0x3c ./Src/OLED_ssd1306.o
 .debug_macro   0x0000bb8a       0x20 ./Src/OLED_ssd1306.o
 .debug_macro   0x0000bbaa       0xcc ./Src/RTC_ds3231.o
 .debug_macro   0x0000bc76       0x16 ./Src/RTC_ds3231.o
 .debug_macro   0x0000bc8c      0x21e ./Src/main.o
 .debug_macro   0x0000beaa       0x5b ./Src/main.o
 .debug_macro   0x0000bf05       0x94 ./Src/main.o
 .debug_macro   0x0000bf99       0x16 ./Src/main.o
 .debug_macro   0x0000bfaf       0x57 ./Src/main.o
 .debug_macro   0x0000c006       0x9e ./Src/main.o
 .debug_macro   0x0000c0a4      0x112 ./Src/main.o
 .debug_macro   0x0000c1b6       0x10 ./Src/main.o
 .debug_macro   0x0000c1c6       0x16 ./Src/main.o
 .debug_macro   0x0000c1dc       0x16 ./Src/main.o
 .debug_macro   0x0000c1f2      0x146 ./Src/main.o
 .debug_macro   0x0000c338       0x1c ./Src/main.o
 .debug_macro   0x0000c354       0x28 ./Src/main.o
 .debug_macro   0x0000c37c      0x12e ./Src/main.o
 .debug_macro   0x0000c4aa      0x15a ./Src/main.o
 .debug_macro   0x0000c604       0xea ./Src/main.o
 .debug_macro   0x0000c6ee       0x1c ./Src/main.o
 .debug_macro   0x0000c70a       0x26 ./Src/main.o
 .debug_macro   0x0000c730      0x520 ./Src/main.o
 .debug_macro   0x0000cc50       0xb5 ./Src/main.o
 .debug_macro   0x0000cd05      0x120 ./Src/main.o
 .debug_macro   0x0000ce25       0x80 ./Src/main.o
 .debug_macro   0x0000cea5       0x7e ./Src/main.o
 .debug_macro   0x0000cf23      0x274 ./Src/syscalls.o
 .debug_macro   0x0000d197       0x10 ./Src/syscalls.o
 .debug_macro   0x0000d1a7       0x10 ./Src/syscalls.o
 .debug_macro   0x0000d1b7       0x10 ./Src/syscalls.o
 .debug_macro   0x0000d1c7       0x10 ./Src/syscalls.o
 .debug_macro   0x0000d1d7       0x1c ./Src/syscalls.o
 .debug_macro   0x0000d1f3       0x52 ./Src/syscalls.o
 .debug_macro   0x0000d245       0x22 ./Src/syscalls.o
 .debug_macro   0x0000d267       0x10 ./Src/syscalls.o
 .debug_macro   0x0000d277       0x52 ./Src/syscalls.o
 .debug_macro   0x0000d2c9       0xcf ./Src/syscalls.o
 .debug_macro   0x0000d398       0x1c ./Src/syscalls.o
 .debug_macro   0x0000d3b4       0x3d ./Src/syscalls.o
 .debug_macro   0x0000d3f1       0x35 ./Src/syscalls.o
 .debug_macro   0x0000d426      0x12c ./Src/syscalls.o
 .debug_macro   0x0000d552       0x16 ./Src/syscalls.o
 .debug_macro   0x0000d568       0x16 ./Src/syscalls.o
 .debug_macro   0x0000d57e       0x29 ./Src/syscalls.o
 .debug_macro   0x0000d5a7       0x10 ./Src/syscalls.o
 .debug_macro   0x0000d5b7      0x242 ./Src/syscalls.o
 .debug_macro   0x0000d7f9       0x1c ./Src/syscalls.o
 .debug_macro   0x0000d815       0x10 ./Src/syscalls.o
 .debug_macro   0x0000d825      0x18a ./Src/syscalls.o
 .debug_macro   0x0000d9af       0x16 ./Src/syscalls.o
 .debug_macro   0x0000d9c5       0xce ./Src/syscalls.o
 .debug_macro   0x0000da93       0x63 ./Src/system_coreclock.o
 .debug_macro   0x0000daf6      0x193 ./ThirdParty/FreeRTOS/list.o
 .debug_macro   0x0000dc89      0x21c ./ThirdParty/FreeRTOS/queue.o
 .debug_macro   0x0000dea5       0x16 ./ThirdParty/FreeRTOS/queue.o
 .debug_macro   0x0000debb      0x280 ./ThirdParty/FreeRTOS/tasks.o
 .debug_macro   0x0000e13b       0x10 ./ThirdParty/FreeRTOS/tasks.o
 .debug_macro   0x0000e14b      0x196 ./ThirdParty/FreeRTOS/portable/GCC/ARM_CM4F/port.o
 .debug_macro   0x0000e2e1      0x1ae ./ThirdParty/FreeRTOS/portable/MemMang/heap_4.o
 .debug_macro   0x0000e48f      0x129 ./driver/rtc+oled_driver.o

.debug_line     0x00000000     0x83a5
 .debug_line    0x00000000      0xa06 ./Src/OLED_ssd1306.o
 .debug_line    0x00000a06      0x6aa ./Src/RTC_ds3231.o
 .debug_line    0x000010b0      0xafa ./Src/main.o
 .debug_line    0x00001baa      0x8a7 ./Src/syscalls.o
 .debug_line    0x00002451      0x410 ./Src/system_coreclock.o
 .debug_line    0x00002861       0x7b ./Startup/startup_stm32f407vgtx.o
 .debug_line    0x000028dc      0x7e8 ./ThirdParty/FreeRTOS/list.o
 .debug_line    0x000030c4     0x153c ./ThirdParty/FreeRTOS/queue.o
 .debug_line    0x00004600     0x1c10 ./ThirdParty/FreeRTOS/tasks.o
 .debug_line    0x00006210      0x935 ./ThirdParty/FreeRTOS/portable/GCC/ARM_CM4F/port.o
 .debug_line    0x00006b45      0xa1c ./ThirdParty/FreeRTOS/portable/MemMang/heap_4.o
 .debug_line    0x00007561      0xe44 ./driver/rtc+oled_driver.o

.debug_str      0x00000000    0x4b1e2
 .debug_str     0x00000000    0x4b1e2 ./Src/OLED_ssd1306.o
                              0x3faac (size before relaxing)
 .debug_str     0x0004b1e2    0x3c764 ./Src/RTC_ds3231.o
 .debug_str     0x0004b1e2    0x45de6 ./Src/main.o
 .debug_str     0x0004b1e2     0x9a0f ./Src/syscalls.o
 .debug_str     0x0004b1e2     0x3e02 ./Src/system_coreclock.o
 .debug_str     0x0004b1e2       0x7a ./Startup/startup_stm32f407vgtx.o
 .debug_str     0x0004b1e2     0xafc6 ./ThirdParty/FreeRTOS/list.o
 .debug_str     0x0004b1e2     0xd3e9 ./ThirdParty/FreeRTOS/queue.o
 .debug_str     0x0004b1e2     0xe17f ./ThirdParty/FreeRTOS/tasks.o
 .debug_str     0x0004b1e2     0x96fb ./ThirdParty/FreeRTOS/portable/GCC/ARM_CM4F/port.o
 .debug_str     0x0004b1e2     0xc48f ./ThirdParty/FreeRTOS/portable/MemMang/heap_4.o
 .debug_str     0x0004b1e2    0x3c6d3 ./driver/rtc+oled_driver.o

.comment        0x00000000       0x43
 .comment       0x00000000       0x43 ./Src/OLED_ssd1306.o
                                 0x44 (size before relaxing)
 .comment       0x00000043       0x44 ./Src/RTC_ds3231.o
 .comment       0x00000043       0x44 ./Src/main.o
 .comment       0x00000043       0x44 ./Src/syscalls.o
 .comment       0x00000043       0x44 ./Src/system_coreclock.o
 .comment       0x00000043       0x44 ./ThirdParty/FreeRTOS/list.o
 .comment       0x00000043       0x44 ./ThirdParty/FreeRTOS/queue.o
 .comment       0x00000043       0x44 ./ThirdParty/FreeRTOS/tasks.o
 .comment       0x00000043       0x44 ./ThirdParty/FreeRTOS/portable/GCC/ARM_CM4F/port.o
 .comment       0x00000043       0x44 ./ThirdParty/FreeRTOS/portable/MemMang/heap_4.o
 .comment       0x00000043       0x44 ./driver/rtc+oled_driver.o

.debug_frame    0x00000000     0x2230
 .debug_frame   0x00000000      0x1b0 ./Src/OLED_ssd1306.o
 .debug_frame   0x000001b0       0xd4 ./Src/RTC_ds3231.o
 .debug_frame   0x00000284       0xe8 ./Src/main.o
 .debug_frame   0x0000036c      0x2ac ./Src/syscalls.o
 .debug_frame   0x00000618       0x30 ./Src/system_coreclock.o
 .debug_frame   0x00000648       0xd8 ./ThirdParty/FreeRTOS/list.o
 .debug_frame   0x00000720      0x50c ./ThirdParty/FreeRTOS/queue.o
 .debug_frame   0x00000c2c      0x898 ./ThirdParty/FreeRTOS/tasks.o
 .debug_frame   0x000014c4      0x1d0 ./ThirdParty/FreeRTOS/portable/GCC/ARM_CM4F/port.o
 .debug_frame   0x00001694      0x12c ./ThirdParty/FreeRTOS/portable/MemMang/heap_4.o
 .debug_frame   0x000017c0      0x274 ./driver/rtc+oled_driver.o
 .debug_frame   0x00001a34      0x144 C:/ST/STM32CubeIDE_1.19.0/STM32CubeIDE/plugins/com.st.stm32cube.ide.mcu.externaltools.gnu-tools-for-stm32.13.3.rel1.win32_1.0.0.202411081344/tools/bin/../lib/gcc/arm-none-eabi/13.3.1/../../../../arm-none-eabi/lib/thumb/v7e-m+fp/hard\libc_nano.a(libc_a-findfp.o)
 .debug_frame   0x00001b78       0x34 C:/ST/STM32CubeIDE_1.19.0/STM32CubeIDE/plugins/com.st.stm32cube.ide.mcu.externaltools.gnu-tools-for-stm32.13.3.rel1.win32_1.0.0.202411081344/tools/bin/../lib/gcc/arm-none-eabi/13.3.1/../../../../arm-none-eabi/lib/thumb/v7e-m+fp/hard\libc_nano.a(libc_a-fwalk.o)
 .debug_frame   0x00001bac       0x6c C:/ST/STM32CubeIDE_1.19.0/STM32CubeIDE/plugins/com.st.stm32cube.ide.mcu.externaltools.gnu-tools-for-stm32.13.3.rel1.win32_1.0.0.202411081344/tools/bin/../lib/gcc/arm-none-eabi/13.3.1/../../../../arm-none-eabi/lib/thumb/v7e-m+fp/hard\libc_nano.a(libc_a-printf.o)
 .debug_frame   0x00001c18       0x88 C:/ST/STM32CubeIDE_1.19.0/STM32CubeIDE/plugins/com.st.stm32cube.ide.mcu.externaltools.gnu-tools-for-stm32.13.3.rel1.win32_1.0.0.202411081344/tools/bin/../lib/gcc/arm-none-eabi/13.3.1/../../../../arm-none-eabi/lib/thumb/v7e-m+fp/hard\libc_nano.a(libc_a-stdio.o)
 .debug_frame   0x00001ca0       0x20 C:/ST/STM32CubeIDE_1.19.0/STM32CubeIDE/plugins/com.st.stm32cube.ide.mcu.externaltools.gnu-tools-for-stm32.13.3.rel1.win32_1.0.0.202411081344/tools/bin/../lib/gcc/arm-none-eabi/13.3.1/../../../../arm-none-eabi/lib/thumb/v7e-m+fp/hard\libc_nano.a(libc_a-memset.o)
 .debug_frame   0x00001cc0       0x2c C:/ST/STM32CubeIDE_1.19.0/STM32CubeIDE/plugins/com.st.stm32cube.ide.mcu.externaltools.gnu-tools-for-stm32.13.3.rel1.win32_1.0.0.202411081344/tools/bin/../lib/gcc/arm-none-eabi/13.3.1/../../../../arm-none-eabi/lib/thumb/v7e-m+fp/hard\libc_nano.a(libc_a-closer.o)
 .debug_frame   0x00001cec       0x38 C:/ST/STM32CubeIDE_1.19.0/STM32CubeIDE/plugins/com.st.stm32cube.ide.mcu.externaltools.gnu-tools-for-stm32.13.3.rel1.win32_1.0.0.202411081344/tools/bin/../lib/gcc/arm-none-eabi/13.3.1/../../../../arm-none-eabi/lib/thumb/v7e-m+fp/hard\libc_nano.a(libc_a-reent.o)
 .debug_frame   0x00001d24       0x2c C:/ST/STM32CubeIDE_1.19.0/STM32CubeIDE/plugins/com.st.stm32cube.ide.mcu.externaltools.gnu-tools-for-stm32.13.3.rel1.win32_1.0.0.202411081344/tools/bin/../lib/gcc/arm-none-eabi/13.3.1/../../../../arm-none-eabi/lib/thumb/v7e-m+fp/hard\libc_nano.a(libc_a-lseekr.o)
 .debug_frame   0x00001d50       0x2c C:/ST/STM32CubeIDE_1.19.0/STM32CubeIDE/plugins/com.st.stm32cube.ide.mcu.externaltools.gnu-tools-for-stm32.13.3.rel1.win32_1.0.0.202411081344/tools/bin/../lib/gcc/arm-none-eabi/13.3.1/../../../../arm-none-eabi/lib/thumb/v7e-m+fp/hard\libc_nano.a(libc_a-readr.o)
 .debug_frame   0x00001d7c       0x2c C:/ST/STM32CubeIDE_1.19.0/STM32CubeIDE/plugins/com.st.stm32cube.ide.mcu.externaltools.gnu-tools-for-stm32.13.3.rel1.win32_1.0.0.202411081344/tools/bin/../lib/gcc/arm-none-eabi/13.3.1/../../../../arm-none-eabi/lib/thumb/v7e-m+fp/hard\libc_nano.a(libc_a-writer.o)
 .debug_frame   0x00001da8       0x2c C:/ST/STM32CubeIDE_1.19.0/STM32CubeIDE/plugins/com.st.stm32cube.ide.mcu.externaltools.gnu-tools-for-stm32.13.3.rel1.win32_1.0.0.202411081344/tools/bin/../lib/gcc/arm-none-eabi/13.3.1/../../../../arm-none-eabi/lib/thumb/v7e-m+fp/hard\libc_nano.a(libc_a-init.o)
 .debug_frame   0x00001dd4       0xb0 C:/ST/STM32CubeIDE_1.19.0/STM32CubeIDE/plugins/com.st.stm32cube.ide.mcu.externaltools.gnu-tools-for-stm32.13.3.rel1.win32_1.0.0.202411081344/tools/bin/../lib/gcc/arm-none-eabi/13.3.1/../../../../arm-none-eabi/lib/thumb/v7e-m+fp/hard\libc_nano.a(libc_a-lock.o)
 .debug_frame   0x00001e84       0x28 C:/ST/STM32CubeIDE_1.19.0/STM32CubeIDE/plugins/com.st.stm32cube.ide.mcu.externaltools.gnu-tools-for-stm32.13.3.rel1.win32_1.0.0.202411081344/tools/bin/../lib/gcc/arm-none-eabi/13.3.1/../../../../arm-none-eabi/lib/thumb/v7e-m+fp/hard\libc_nano.a(libc_a-memcpy-stub.o)
 .debug_frame   0x00001eac       0x38 C:/ST/STM32CubeIDE_1.19.0/STM32CubeIDE/plugins/com.st.stm32cube.ide.mcu.externaltools.gnu-tools-for-stm32.13.3.rel1.win32_1.0.0.202411081344/tools/bin/../lib/gcc/arm-none-eabi/13.3.1/../../../../arm-none-eabi/lib/thumb/v7e-m+fp/hard\libc_nano.a(libc_a-freer.o)
 .debug_frame   0x00001ee4       0x50 C:/ST/STM32CubeIDE_1.19.0/STM32CubeIDE/plugins/com.st.stm32cube.ide.mcu.externaltools.gnu-tools-for-stm32.13.3.rel1.win32_1.0.0.202411081344/tools/bin/../lib/gcc/arm-none-eabi/13.3.1/../../../../arm-none-eabi/lib/thumb/v7e-m+fp/hard\libc_nano.a(libc_a-mallocr.o)
 .debug_frame   0x00001f34       0x30 C:/ST/STM32CubeIDE_1.19.0/STM32CubeIDE/plugins/com.st.stm32cube.ide.mcu.externaltools.gnu-tools-for-stm32.13.3.rel1.win32_1.0.0.202411081344/tools/bin/../lib/gcc/arm-none-eabi/13.3.1/../../../../arm-none-eabi/lib/thumb/v7e-m+fp/hard\libc_nano.a(libc_a-mlock.o)
 .debug_frame   0x00001f64       0xa8 C:/ST/STM32CubeIDE_1.19.0/STM32CubeIDE/plugins/com.st.stm32cube.ide.mcu.externaltools.gnu-tools-for-stm32.13.3.rel1.win32_1.0.0.202411081344/tools/bin/../lib/gcc/arm-none-eabi/13.3.1/../../../../arm-none-eabi/lib/thumb/v7e-m+fp/hard\libc_nano.a(libc_a-nano-vfprintf.o)
 .debug_frame   0x0000200c       0x60 C:/ST/STM32CubeIDE_1.19.0/STM32CubeIDE/plugins/com.st.stm32cube.ide.mcu.externaltools.gnu-tools-for-stm32.13.3.rel1.win32_1.0.0.202411081344/tools/bin/../lib/gcc/arm-none-eabi/13.3.1/../../../../arm-none-eabi/lib/thumb/v7e-m+fp/hard\libc_nano.a(libc_a-nano-vfprintf_i.o)
 .debug_frame   0x0000206c       0x5c C:/ST/STM32CubeIDE_1.19.0/STM32CubeIDE/plugins/com.st.stm32cube.ide.mcu.externaltools.gnu-tools-for-stm32.13.3.rel1.win32_1.0.0.202411081344/tools/bin/../lib/gcc/arm-none-eabi/13.3.1/../../../../arm-none-eabi/lib/thumb/v7e-m+fp/hard\libc_nano.a(libc_a-fflush.o)
 .debug_frame   0x000020c8       0x40 C:/ST/STM32CubeIDE_1.19.0/STM32CubeIDE/plugins/com.st.stm32cube.ide.mcu.externaltools.gnu-tools-for-stm32.13.3.rel1.win32_1.0.0.202411081344/tools/bin/../lib/gcc/arm-none-eabi/13.3.1/../../../../arm-none-eabi/lib/thumb/v7e-m+fp/hard\libc_nano.a(libc_a-wbuf.o)
 .debug_frame   0x00002108       0x2c C:/ST/STM32CubeIDE_1.19.0/STM32CubeIDE/plugins/com.st.stm32cube.ide.mcu.externaltools.gnu-tools-for-stm32.13.3.rel1.win32_1.0.0.202411081344/tools/bin/../lib/gcc/arm-none-eabi/13.3.1/../../../../arm-none-eabi/lib/thumb/v7e-m+fp/hard\libc_nano.a(libc_a-wsetup.o)
 .debug_frame   0x00002134       0x2c C:/ST/STM32CubeIDE_1.19.0/STM32CubeIDE/plugins/com.st.stm32cube.ide.mcu.externaltools.gnu-tools-for-stm32.13.3.rel1.win32_1.0.0.202411081344/tools/bin/../lib/gcc/arm-none-eabi/13.3.1/../../../../arm-none-eabi/lib/thumb/v7e-m+fp/hard\libc_nano.a(libc_a-sbrkr.o)
 .debug_frame   0x00002160       0x58 C:/ST/STM32CubeIDE_1.19.0/STM32CubeIDE/plugins/com.st.stm32cube.ide.mcu.externaltools.gnu-tools-for-stm32.13.3.rel1.win32_1.0.0.202411081344/tools/bin/../lib/gcc/arm-none-eabi/13.3.1/../../../../arm-none-eabi/lib/thumb/v7e-m+fp/hard\libc_nano.a(libc_a-makebuf.o)
 .debug_frame   0x000021b8       0x2c C:/ST/STM32CubeIDE_1.19.0/STM32CubeIDE/plugins/com.st.stm32cube.ide.mcu.externaltools.gnu-tools-for-stm32.13.3.rel1.win32_1.0.0.202411081344/tools/bin/../lib/gcc/arm-none-eabi/13.3.1/../../../../arm-none-eabi/lib/thumb/v7e-m+fp/hard\libc_nano.a(libc_a-fstatr.o)
 .debug_frame   0x000021e4       0x2c C:/ST/STM32CubeIDE_1.19.0/STM32CubeIDE/plugins/com.st.stm32cube.ide.mcu.externaltools.gnu-tools-for-stm32.13.3.rel1.win32_1.0.0.202411081344/tools/bin/../lib/gcc/arm-none-eabi/13.3.1/../../../../arm-none-eabi/lib/thumb/v7e-m+fp/hard\libc_nano.a(libc_a-isattyr.o)
 .debug_frame   0x00002210       0x20 C:/ST/STM32CubeIDE_1.19.0/STM32CubeIDE/plugins/com.st.stm32cube.ide.mcu.externaltools.gnu-tools-for-stm32.13.3.rel1.win32_1.0.0.202411081344/tools/bin/../lib/gcc/arm-none-eabi/13.3.1/../../../../arm-none-eabi/lib/thumb/v7e-m+fp/hard\libnosys.a(sbrk.o)

.debug_line_str
                0x00000000       0x5e
 .debug_line_str
                0x00000000       0x5e ./Startup/startup_stm32f407vgtx.o
